Archive member included because of file (symbol)

contiki-sky.a(rimeaddr.o)     obj_sky/contiki-sky-main.o (rimeaddr_copy)
contiki-sky.a(csma.o)         obj_sky/contiki-sky-main.o (csma_driver)
contiki-sky.a(contikimac.o)   obj_sky/contiki-sky-main.o (contikimac_driver)
contiki-sky.a(phase.o)        contiki-sky.a(contikimac.o) (phase_update)
contiki-sky.a(process.o)      in.co (process_current)
contiki-sky.a(autostart.o)    obj_sky/contiki-sky-main.o (autostart_start)
contiki-sky.a(compower.o)     contiki-sky.a(contikimac.o) (compower_idle_activity)
contiki-sky.a(memb.o)         contiki-sky.a(csma.o) (memb_init)
contiki-sky.a(timer.o)        obj_sky/contiki-sky-main.o (timer_set)
contiki-sky.a(list.o)         contiki-sky.a(csma.o) (list_init)
contiki-sky.a(etimer.o)       obj_sky/contiki-sky-main.o (etimer_process)
contiki-sky.a(ctimer.o)       obj_sky/contiki-sky-main.o (ctimer_init)
contiki-sky.a(energest.o)     obj_sky/contiki-sky-main.o (energest_init)
contiki-sky.a(rtimer.o)       obj_sky/contiki-sky-main.o (rtimer_init)
contiki-sky.a(random.o)       obj_sky/contiki-sky-main.o (random_init)
contiki-sky.a(nbr-table.o)    contiki-sky.a(phase.o) (nbr_table_register)
contiki-sky.a(packetbuf.o)    contiki-sky.a(contikimac.o) (packetbuf_hdr_remove)
contiki-sky.a(queuebuf.o)     obj_sky/contiki-sky-main.o (queuebuf_init)
contiki-sky.a(sicslowpan.o)   obj_sky/contiki-sky-main.o (sicslowpan_driver)
contiki-sky.a(tcpip.o)        contiki-sky.a(sicslowpan.o) (tcpip_set_outputfunc)
contiki-sky.a(uip-debug.o)    in.co (uip_debug_ipaddr_print)
contiki-sky.a(uip-ds6-route.o)
                              contiki-sky.a(tcpip.o) (uip_ds6_route_nexthop)
contiki-sky.a(uip-ds6-nbr.o)  contiki-sky.a(tcpip.o) (uip_ds6_nbr_add)
contiki-sky.a(uip-ds6.o)      contiki-sky.a(tcpip.o) (uip_ds6_is_addr_onlink)
contiki-sky.a(uip-nd6.o)      contiki-sky.a(tcpip.o) (uip_nd6_ns_output)
contiki-sky.a(uip-udp-packet.)
                              in.co (uip_udp_packet_sendto)
contiki-sky.a(uip6.o)         contiki-sky.a(sicslowpan.o) (uip_aligned_buf)
contiki-sky.a(contiki-sky-pla)
                              obj_sky/contiki-sky-main.o (init_platform)
contiki-sky.a(light-sensor.o)
                              in.co (light_sensor)
contiki-sky.a(button-sensor.o)
                              contiki-sky.a(contiki-sky-pla) (button_sensor)
contiki-sky.a(ds2411.o)       obj_sky/contiki-sky-main.o (ds2411_init)
contiki-sky.a(xmem.o)         obj_sky/contiki-sky-main.o (xmem_init)
contiki-sky.a(node-id.o)      obj_sky/contiki-sky-main.o (node_id_restore)
contiki-sky.a(sensors.o)      contiki-sky.a(button-sensor.o) (sensors_changed)
contiki-sky.a(cc2420.o)       obj_sky/contiki-sky-main.o (cc2420_set_pan_addr)
contiki-sky.a(cc2420-arch.o)  contiki-sky.a(cc2420.o) (cc2420_arch_init)
contiki-sky.a(sky-sensors.o)  contiki-sky.a(light-sensor.o) (sky_sensors_status)
contiki-sky.a(uart1.o)        obj_sky/contiki-sky-main.o (uart1_active)
contiki-sky.a(uart1-putchar.o)
                              in.co (putchar)
contiki-sky.a(msp430.o)       contiki-sky.a(uart1.o) (msp430_add_lpm_req)
contiki-sky.a(clock.o)        contiki-sky.a(timer.o) (clock_time)
contiki-sky.a(leds.o)         obj_sky/contiki-sky-main.o (leds_init)
contiki-sky.a(leds-arch.o)    contiki-sky.a(leds.o) (leds_arch_init)
contiki-sky.a(watchdog.o)     obj_sky/contiki-sky-main.o (watchdog_start)
contiki-sky.a(rtimer-arch.o)  contiki-sky.a(rtimer.o) (rtimer_arch_init)
contiki-sky.a(mac.o)          contiki-sky.a(csma.o) (mac_call_sent_callback)
contiki-sky.a(framer-802154.o)
                              contiki-sky.a(contikimac.o) (framer_802154)
contiki-sky.a(rpl.o)          contiki-sky.a(uip-ds6-nbr.o) (rpl_link_neighbor_callback)
contiki-sky.a(rpl-dag.o)      contiki-sky.a(rpl.o) (rpl_dag_init)
contiki-sky.a(rpl-icmp6.o)    contiki-sky.a(rpl.o) (dao_output_target)
contiki-sky.a(rpl-timers.o)   contiki-sky.a(rpl.o) (rpl_reset_periodic_timer)
contiki-sky.a(rpl-mrhof.o)    contiki-sky.a(rpl-dag.o) (rpl_mrhof)
contiki-sky.a(rpl-ext-header.)
                              contiki-sky.a(uip6.o) (rpl_verify_header)
contiki-sky.a(stimer.o)       contiki-sky.a(tcpip.o) (stimer_set)
contiki-sky.a(uip-icmp6.o)    contiki-sky.a(uip6.o) (uip_icmp6_echo_request_input)
contiki-sky.a(spi.o)          contiki-sky.a(xmem.o) (spi_init)
contiki-sky.a(frame802154.o)  contiki-sky.a(framer-802154.o) (frame802154_hdrlen)
/usr/local/msp430/bin/../lib/gcc/msp430/4.7.0/mmpy-16/libgcc.a(_mulsi3.o)
                              contiki-sky.a(csma.o) (__mulsi3)
/usr/local/msp430/bin/../lib/gcc/msp430/4.7.0/mmpy-16/libgcc.a(_udivmod16.o)
                              contiki-sky.a(rpl-dag.o) (__udivhi3)
/usr/local/msp430/bin/../lib/gcc/msp430/4.7.0/mmpy-16/libgcc.a(_divmod16.o)
                              contiki-sky.a(nbr-table.o) (__divhi3)
/usr/local/msp430/bin/../lib/gcc/msp430/4.7.0/mmpy-16/libgcc.a(_udivmod32.o)
                              obj_sky/contiki-sky-main.o (__udivsi3)
[...]
Memory Configuration

Name             Origin             Length             Attributes
sfr              0x00000000         0x00000010
peripheral_8bit  0x00000010         0x000000f0
peripheral_16bit 0x00000100         0x00000100
ram_mirror       0x00000200         0x00000800         xw
infomem          0x00001000         0x00000100
infob            0x00001000         0x00000080
infoa            0x00001080         0x00000080
ram              0x00001100         0x00002800         xw
rom              0x00004000         0x0000bfe0         xr
vectors          0x0000ffe0         0x00000020
bsl              0x00000000         0x00000000
infoc            0x00000000         0x00000000
infod            0x00000000         0x00000000
ram2             0x00000000         0x00000000         xw
usbram           0x00000000         0x00000000         xw
far_rom          0x00000000         0x00000000
*default*        0x00000000         0xffffffff

Linker script and memory map

LOAD /usr/local/msp430/bin/../lib/gcc/msp430/4.7.0/mmpy-16/crt0ivtbl16.o
LOAD in.co
LOAD obj_sky/contiki-sky-main.o
LOAD contiki-sky.a
LOAD /usr/local/msp430/bin/../lib/gcc/msp430/4.7.0/mmpy-16/libgcc.a
LOAD /usr/local/msp430/bin/../lib/gcc/msp430/4.7.0/../../../../msp430/lib/mmpy-16/libc.a
LOAD /usr/local/msp430/bin/../lib/gcc/msp430/4.7.0/mmpy-16/libgcc.a
LOAD /usr/local/msp430/bin/../lib/gcc/msp430/4.7.0/mmpy-16/libcrt0.a
                0x00000080                PROVIDE (__info_segment_size, 0x80)
                0x00001000                PROVIDE (__infob, 0x1000)
                0x00001080                PROVIDE (__infoa, 0x1080)
                0x00000000                __IE1 = 0x0
                0x00000002                __IFG1 = 0x2
                0x00000004                __ME1 = 0x4
                0x00000001                __IE2 = 0x1
                0x00000003                __IFG2 = 0x3
                0x00000005                __ME2 = 0x5
                0x00000120                __WDTCTL = 0x120
                0x00000130                __MPY = 0x130
                0x00000132                __MPYS = 0x132
                0x00000134                __MAC = 0x134
                0x00000136                __MACS = 0x136
                0x00000138                __OP2 = 0x138
                0x0000013a                __RESLO = 0x13a
                0x0000013c                __RESHI = 0x13c
                0x0000013e                __SUMEXT = 0x13e
                0x00000020                __P1IN = 0x20
                0x00000021                __P1OUT = 0x21
                0x00000022                __P1DIR = 0x22
                0x00000023                __P1IFG = 0x23
                0x00000024                __P1IES = 0x24
                0x00000025                __P1IE = 0x25
                0x00000026                __P1SEL = 0x26
                0x00000028                __P2IN = 0x28
                0x00000029                __P2OUT = 0x29
                0x0000002a                __P2DIR = 0x2a
                0x0000002b                __P2IFG = 0x2b
                0x0000002c                __P2IES = 0x2c
                0x0000002d                __P2IE = 0x2d
                0x0000002e                __P2SEL = 0x2e
                0x00000018                __P3IN = 0x18
                0x00000019                __P3OUT = 0x19
                0x0000001a                __P3DIR = 0x1a
                0x0000001b                __P3SEL = 0x1b
                0x0000001c                __P4IN = 0x1c
                0x0000001d                __P4OUT = 0x1d
                0x0000001e                __P4DIR = 0x1e
                0x0000001f                __P4SEL = 0x1f
                0x00000030                __P5IN = 0x30
                0x00000031                __P5OUT = 0x31
                0x00000032                __P5DIR = 0x32
                0x00000033                __P5SEL = 0x33
                0x00000034                __P6IN = 0x34
                0x00000035                __P6OUT = 0x35
                0x00000036                __P6DIR = 0x36
                0x00000037                __P6SEL = 0x37
                0x00000070                __U0CTL = 0x70
                0x00000071                __U0TCTL = 0x71
                0x00000072                __U0RCTL = 0x72
                0x00000073                __U0MCTL = 0x73
                0x00000074                __U0BR0 = 0x74
                0x00000075                __U0BR1 = 0x75
                0x00000076                __U0RXBUF = 0x76
                0x00000077                __U0TXBUF = 0x77
                0x00000078                __U1CTL = 0x78
                0x00000079                __U1TCTL = 0x79
                0x0000007a                __U1RCTL = 0x7a
                0x0000007b                __U1MCTL = 0x7b
                0x0000007c                __U1BR0 = 0x7c
                0x0000007d                __U1BR1 = 0x7d
                0x0000007e                __U1RXBUF = 0x7e
                0x0000007f                __U1TXBUF = 0x7f
                0x00000050                __I2CIE = 0x50
                0x00000051                __I2CIFG = 0x51
                0x00000052                __I2CNDAT = 0x52
                0x00000071                __I2CTCTL = 0x71
                0x00000072                __I2CDCTL = 0x72
                0x00000073                __I2CPSC = 0x73
                0x00000074                __I2CSCLH = 0x74
                0x00000075                __I2CSCLL = 0x75
                0x00000076                __I2CDRB = 0x76
                0x00000076                __I2CDRW = 0x76
                0x00000118                __I2COA = 0x118
                0x0000011a                __I2CSA = 0x11a
                0x0000011c                __I2CIV = 0x11c
                0x0000012e                __TAIV = 0x12e
                0x00000160                __TACTL = 0x160
                0x00000162                __TACCTL0 = 0x162
                0x00000164                __TACCTL1 = 0x164
                0x00000166                __TACCTL2 = 0x166
                0x00000170                __TAR = 0x170
                0x00000172                __TACCR0 = 0x172
                0x00000174                __TACCR1 = 0x174
                0x00000176                __TACCR2 = 0x176
                0x0000011e                __TBIV = 0x11e
                0x00000180                __TBCTL = 0x180
                0x00000182                __TBCCTL0 = 0x182
                0x00000184                __TBCCTL1 = 0x184
                0x00000186                __TBCCTL2 = 0x186
                0x00000188                __TBCCTL3 = 0x188
                0x0000018a                __TBCCTL4 = 0x18a
                0x0000018c                __TBCCTL5 = 0x18c
                0x0000018e                __TBCCTL6 = 0x18e
                0x00000190                __TBR = 0x190
                0x00000192                __TBCCR0 = 0x192
                0x00000194                __TBCCR1 = 0x194
                0x00000196                __TBCCR2 = 0x196
                0x00000198                __TBCCR3 = 0x198
                0x0000019a                __TBCCR4 = 0x19a
                0x0000019c                __TBCCR5 = 0x19c
                0x0000019e                __TBCCR6 = 0x19e
                0x00000056                __DCOCTL = 0x56
                0x00000057                __BCSCTL1 = 0x57
                0x00000058                __BCSCTL2 = 0x58
                0x00000055                __SVSCTL = 0x55
                0x00000128                __FCTL1 = 0x128
                0x0000012a                __FCTL2 = 0x12a
                0x0000012c                __FCTL3 = 0x12c
                0x00000059                __CACTL1 = 0x59
                0x0000005a                __CACTL2 = 0x5a
                0x0000005b                __CAPD = 0x5b
                0x000001a0                __ADC12CTL0 = 0x1a0
                0x000001a2                __ADC12CTL1 = 0x1a2
                0x000001a4                __ADC12IFG = 0x1a4
                0x000001a6                __ADC12IE = 0x1a6
                0x000001a8                __ADC12IV = 0x1a8
                0x00000140                __ADC12MEM0 = 0x140
                0x00000142                __ADC12MEM1 = 0x142
                0x00000144                __ADC12MEM2 = 0x144
                0x00000146                __ADC12MEM3 = 0x146
                0x00000148                __ADC12MEM4 = 0x148
                0x0000014a                __ADC12MEM5 = 0x14a
                0x0000014c                __ADC12MEM6 = 0x14c
                0x0000014e                __ADC12MEM7 = 0x14e
                0x00000150                __ADC12MEM8 = 0x150
                0x00000152                __ADC12MEM9 = 0x152
                0x00000154                __ADC12MEM10 = 0x154
                0x00000156                __ADC12MEM11 = 0x156
                0x00000158                __ADC12MEM12 = 0x158
                0x0000015a                __ADC12MEM13 = 0x15a
                0x0000015c                __ADC12MEM14 = 0x15c
                0x0000015e                __ADC12MEM15 = 0x15e
                0x00000080                __ADC12MCTL0 = 0x80
                0x00000081                __ADC12MCTL1 = 0x81
                0x00000082                __ADC12MCTL2 = 0x82
                0x00000083                __ADC12MCTL3 = 0x83
                0x00000084                __ADC12MCTL4 = 0x84
                0x00000085                __ADC12MCTL5 = 0x85
                0x00000086                __ADC12MCTL6 = 0x86
                0x00000087                __ADC12MCTL7 = 0x87
                0x00000088                __ADC12MCTL8 = 0x88
                0x00000089                __ADC12MCTL9 = 0x89
                0x0000008a                __ADC12MCTL10 = 0x8a
                0x0000008b                __ADC12MCTL11 = 0x8b
                0x0000008c                __ADC12MCTL12 = 0x8c
                0x0000008d                __ADC12MCTL13 = 0x8d
                0x0000008e                __ADC12MCTL14 = 0x8e
                0x0000008f                __ADC12MCTL15 = 0x8f
                0x000001c0                __DAC12_0CTL = 0x1c0
                0x000001c2                __DAC12_1CTL = 0x1c2
                0x000001c8                __DAC12_0DAT = 0x1c8
                0x000001ca                __DAC12_1DAT = 0x1ca
                0x00000122                __DMACTL0 = 0x122
                0x00000124                __DMACTL1 = 0x124
                0x000001e0                __DMA0CTL = 0x1e0
                0x000001e8                __DMA1CTL = 0x1e8
                0x000001f0                __DMA2CTL = 0x1f0
                0x000001e2                __DMA0SA = 0x1e2
                0x000001e4                __DMA0DA = 0x1e4
                0x000001e6                __DMA0SZ = 0x1e6
                0x000001ea                __DMA1SA = 0x1ea
                0x000001ec                __DMA1DA = 0x1ec
                0x000001ee                __DMA1SZ = 0x1ee
                0x000001f2                __DMA2SA = 0x1f2
                0x000001f4                __DMA2DA = 0x1f4
                0x000001f6                __DMA2SZ = 0x1f6

.hash
 *(.hash)

.dynsym
 *(.dynsym)

.dynstr
 *(.dynstr)

.gnu.version
 *(.gnu.version)

.gnu.version_d
 *(.gnu.version_d)

.gnu.version_r
 *(.gnu.version_r)

.rel.init
 *(.rel.init)

.rela.init
 *(.rela.init)

.rel.fini
 *(.rel.fini)

.rela.fini
 *(.rela.fini)

.rel.text
 *(.rel.text .rel.text.* .rel.gnu.linkonce.t.*)

.rela.text
 *(.rela.text .rela.text.* .rela.gnu.linkonce.t.*)

.rel.rodata
 *(.rel.rodata .rel.rodata.* .rel.gnu.linkonce.r.*)

.rela.rodata
 *(.rela.rodata .rela.rodata.* .rela.gnu.linkonce.r.*)

.rel.data
 *(.rel.data .rel.data.* .rel.gnu.linkonce.d.*)

.rela.data
 *(.rela.data .rela.data.* .rela.gnu.linkonce.d.*)

.rel.bss
 *(.rel.bss .rel.bss.* .rel.gnu.linkonce.b.*)

.rela.bss
 *(.rela.bss .rela.bss.* .rela.gnu.linkonce.b.*)

.rel.ctors
 *(.rel.ctors)

.rela.ctors
 *(.rela.ctors)

.rel.dtors
 *(.rel.dtors)

.rela.dtors
 *(.rela.dtors)

.rel.got
 *(.rel.got)

.rela.got
 *(.rela.got)

.rel.plt
 *(.rel.plt)

.rela.plt
 *(.rela.plt)

.text           0x00004000     0xaade
                0x00004000                . = ALIGN (0x2)
 *(.init .init.*)
 *(.init0)
 .init0         0x00004000        0x0 /usr/local/msp430/bin/../lib/gcc/msp430/4.7.0/mmpy-16/libcrt0.a(_reset_vector__.o)
                0x00004000                _reset_vector__
 *(.init1)
 .init1         0x00004000        0xc /usr/local/msp430/bin/../lib/gcc/msp430/4.7.0/mmpy-16/libcrt0.a(__watchdog_support.o)
                0x00004000                __watchdog_support
 *(.init2)
 .init2         0x0000400c        0x4 /usr/local/msp430/bin/../lib/gcc/msp430/4.7.0/mmpy-16/libcrt0.a(__init_stack.o)
                0x0000400c                __init_stack
 *(.init3)
 .init3         0x00004010        0x0 /usr/local/msp430/bin/../lib/gcc/msp430/4.7.0/mmpy-16/libcrt0.a(__low_level_init.o)
                0x00004010                __low_level_init
 *(.init4)
 .init4         0x00004010       0x18 /usr/local/msp430/bin/../lib/gcc/msp430/4.7.0/mmpy-16/libcrt0.a(_copy_data.o)
                0x00004010                __do_copy_data
 .init4         0x00004028       0x16 /usr/local/msp430/bin/../lib/gcc/msp430/4.7.0/mmpy-16/libcrt0.a(_clear_bss.o)
                0x00004028                __do_clear_bss
 *(.init5)
 *(.init6)
 *(.init7)
 *(.init8)
 *(.init9)
 .init9         0x0000403e      0x35e obj_sky/contiki-sky-main.o
                0x0000403e                main
 *(.fini9)
 .fini9         0x0000439c        0x0 /usr/local/msp430/bin/../lib/gcc/msp430/4.7.0/mmpy-16/libcrt0.a(__stop_progExec__.o)
                0x0000439c                __stop_progExec__
 *(.fini8)
 *(.fini7)
 *(.fini6)
 *(.fini5)
 *(.fini4)
 *(.fini3)
 *(.fini2)
 *(.fini1)
 *(.fini0)
 .fini0         0x0000439c        0x6 /usr/local/msp430/bin/../lib/gcc/msp430/4.7.0/mmpy-16/libcrt0.a(_endless_loop__.o)
                0x0000439c                _endless_loop__
 *(.fini .fini.*)
                0x000043a2                . = ALIGN (0x2)
                0x000043a2                __ctors_start = .
 *(.ctors)
                0x000043a2                __ctors_end = .
                0x000043a2                __dtors_start = .
 *(.dtors)
                0x000043a2                __dtors_end = .
                0x000043a2                . = ALIGN (0x2)
 *(.text .text.* .gnu.linkonce.t.*)
 .text          0x000043a2        0x4 /usr/local/msp430/bin/../lib/gcc/msp430/4.7.0/mmpy-16/crt0ivtbl16.o
                0x000043a2                __isr_14
                0x000043a2                __isr_11
                0x000043a2                __isr_2
                0x000043a2                __isr_7
                0x000043a2                __isr_0
                0x000043a2                __isr_8
                0x000043a2                __isr_3
                0x000043a2                __isr_12
                0x000043a2                __isr_13
                0x000043a2                __isr_9
 .text.process_thread_udp_client_process
                0x000043a6      0x208 in.co
 .text.send_packet
                0x000045ae       0x5e in.co
 .text.rimeaddr_copy
                0x0000460c        0x8 contiki-sky.a(rimeaddr.o)
                0x0000460c                rimeaddr_copy
 .text.rimeaddr_cmp
                0x00004614       0x12 contiki-sky.a(rimeaddr.o)
                0x00004614                rimeaddr_cmp
 .text.rimeaddr_set_node_addr
                0x00004626        0xc contiki-sky.a(rimeaddr.o)
                0x00004626                rimeaddr_set_node_addr
 .text.input_packet
                0x00004632        0x6 contiki-sky.a(csma.o)
 .text.on       0x00004638        0x6 contiki-sky.a(csma.o)
 .text.off      0x0000463e        0x6 contiki-sky.a(csma.o)
 .text.channel_check_interval
                0x00004644       0x10 contiki-sky.a(csma.o)
 .text.transmit_packet_list
                0x00004654       0x24 contiki-sky.a(csma.o)
 .text.init     0x00004678       0x1a contiki-sky.a(csma.o)
 .text.send_packet
                0x00004692      0x164 contiki-sky.a(csma.o)
 .text.free_packet
                0x000047f6       0x9c contiki-sky.a(csma.o)
 .text.packet_sent
                0x00004892      0x132 contiki-sky.a(csma.o)
 .text.duty_cycle
                0x000049c4        0x6 contiki-sky.a(contikimac.o)
 .text.init     0x000049ca       0x2e contiki-sky.a(contikimac.o)
 .text.on       0x000049f8       0x1a contiki-sky.a(contikimac.o)
 .text.off      0x00004a12       0x22 contiki-sky.a(contikimac.o)
 .text.recv_burst_off
                0x00004a34        0xa contiki-sky.a(contikimac.o)
 .text.turn_off
                0x00004a3e       0x20 contiki-sky.a(contikimac.o)
 .text.turn_on  0x00004a5e       0x30 contiki-sky.a(contikimac.o)
 .text.schedule_powercycle_fixed.part.4
                0x00004a8e       0x34 contiki-sky.a(contikimac.o)
 .text.powercycle_turn_radio_off
                0x00004ac2       0x30 contiki-sky.a(contikimac.o)
 .text.input_packet
                0x00004af2      0x11a contiki-sky.a(contikimac.o)
 .text.send_packet
                0x00004c0c      0x2ac contiki-sky.a(contikimac.o)
 .text.qsend_list
                0x00004eb8       0x82 contiki-sky.a(contikimac.o)
 .text.qsend_packet
                0x00004f3a       0x28 contiki-sky.a(contikimac.o)
 .text.powercycle
                0x00004f62      0x1de contiki-sky.a(contikimac.o)
 .text.send_packet
                0x00005140       0x44 contiki-sky.a(phase.o)
 .text.phase_update
                0x00005184       0x92 contiki-sky.a(phase.o)
                0x00005184                phase_update
 .text.phase_wait
                0x00005216       0xf2 contiki-sky.a(phase.o)
                0x00005216                phase_wait
 .text.phase_init
                0x00005308       0x14 contiki-sky.a(phase.o)
                0x00005308                phase_init
 .text.call_process
                0x0000531c       0x46 contiki-sky.a(process.o)
 .text.exit_process
                0x00005362       0x96 contiki-sky.a(process.o)
 .text.do_poll  0x000053f8       0x30 contiki-sky.a(process.o)
 .text.process_alloc_event
                0x00005428        0xe contiki-sky.a(process.o)
                0x00005428                process_alloc_event
 .text.process_init
                0x00005436       0x1c contiki-sky.a(process.o)
                0x00005436                process_init
 .text.process_run
                0x00005452       0xa2 contiki-sky.a(process.o)
                0x00005452                process_run
 .text.process_nevents
                0x000054f4        0xe contiki-sky.a(process.o)
                0x000054f4                process_nevents
 .text.process_post
                0x00005502       0x54 contiki-sky.a(process.o)
                0x00005502                process_post
 .text.process_post_synch
                0x00005556       0x12 contiki-sky.a(process.o)
                0x00005556                process_post_synch
 .text.process_start
                0x00005568       0x36 contiki-sky.a(process.o)
                0x00005568                process_start
 .text.process_poll
                0x0000559e       0x18 contiki-sky.a(process.o)
                0x0000559e                process_poll
 .text.autostart_start
                0x000055b6       0x16 contiki-sky.a(autostart.o)
                0x000055b6                autostart_start
 .text.compower_accumulate
                0x000055cc       0x72 contiki-sky.a(compower.o)
                0x000055cc                compower_accumulate
 .text.compower_clear
                0x0000563e       0x12 contiki-sky.a(compower.o)
                0x0000563e                compower_clear
 .text.compower_attrconv
                0x00005650       0x10 contiki-sky.a(compower.o)
                0x00005650                compower_attrconv
 .text.memb_init
                0x00005660       0x36 contiki-sky.a(memb.o)
                0x00005660                memb_init
 .text.memb_alloc
                0x00005696       0x3e contiki-sky.a(memb.o)
                0x00005696                memb_alloc
 .text.memb_free
                0x000056d4       0x3a contiki-sky.a(memb.o)
                0x000056d4                memb_free
 .text.memb_inmemb
                0x0000570e       0x2a contiki-sky.a(memb.o)
                0x0000570e                memb_inmemb
 .text.timer_set
                0x00005738       0x1c contiki-sky.a(timer.o)
                0x00005738                timer_set
 .text.timer_reset
                0x00005754        0xe contiki-sky.a(timer.o)
                0x00005754                timer_reset
 .text.timer_restart
                0x00005762       0x14 contiki-sky.a(timer.o)
                0x00005762                timer_restart
 .text.timer_expired
                0x00005776       0x2a contiki-sky.a(timer.o)
                0x00005776                timer_expired
 .text.list_init
                0x000057a0        0x6 contiki-sky.a(list.o)
                0x000057a0                list_init
 .text.list_head
                0x000057a6        0x4 contiki-sky.a(list.o)
                0x000057a6                list_head
 .text.list_tail
                0x000057aa       0x12 contiki-sky.a(list.o)
                0x000057aa                list_tail
 .text.list_remove
                0x000057bc       0x34 contiki-sky.a(list.o)
                0x000057bc                list_remove
 .text.list_push
                0x000057f0       0x1a contiki-sky.a(list.o)
                0x000057f0                list_push
 .text.list_add
                0x0000580a       0x2a contiki-sky.a(list.o)
                0x0000580a                list_add
 .text.list_length
                0x00005834       0x10 contiki-sky.a(list.o)
                0x00005834                list_length
 .text.list_item_next
                0x00005844        0xc contiki-sky.a(list.o)
                0x00005844                list_item_next
 .text.update_time
                0x00005850       0x78 contiki-sky.a(etimer.o)
 .text.etimer_request_poll
                0x000058c8        0xa contiki-sky.a(etimer.o)
                0x000058c8                etimer_request_poll
 .text.process_thread_etimer_process
                0x000058d2       0xcc contiki-sky.a(etimer.o)
 .text.add_timer
                0x0000599e       0x40 contiki-sky.a(etimer.o)
 .text.etimer_set
                0x000059de       0x12 contiki-sky.a(etimer.o)
                0x000059de                etimer_set
 .text.etimer_reset
                0x000059f0       0x12 contiki-sky.a(etimer.o)
                0x000059f0                etimer_reset
 .text.etimer_restart
                0x00005a02       0x12 contiki-sky.a(etimer.o)
                0x00005a02                etimer_restart
 .text.etimer_expired
                0x00005a14        0xe contiki-sky.a(etimer.o)
                0x00005a14                etimer_expired
 .text.etimer_expiration_time
                0x00005a22       0x14 contiki-sky.a(etimer.o)
                0x00005a22                etimer_expiration_time
 .text.etimer_pending
                0x00005a36        0xc contiki-sky.a(etimer.o)
                0x00005a36                etimer_pending
 .text.etimer_next_expiration_time
                0x00005a42       0x16 contiki-sky.a(etimer.o)
                0x00005a42                etimer_next_expiration_time
 .text.etimer_stop
                0x00005a58       0x3e contiki-sky.a(etimer.o)
                0x00005a58                etimer_stop
 .text.process_thread_ctimer_process
                0x00005a96       0xa8 contiki-sky.a(ctimer.o)
 .text.ctimer_init
                0x00005b3e       0x18 contiki-sky.a(ctimer.o)
                0x00005b3e                ctimer_init
 .text.ctimer_set
                0x00005b56       0x5a contiki-sky.a(ctimer.o)
                0x00005b56                ctimer_set
 .text.ctimer_reset
                0x00005bb0       0x3a contiki-sky.a(ctimer.o)
                0x00005bb0                ctimer_reset
 .text.ctimer_stop
                0x00005bea       0x28 contiki-sky.a(ctimer.o)
                0x00005bea                ctimer_stop
 .text.energest_init
                0x00005c12       0x26 contiki-sky.a(energest.o)
                0x00005c12                energest_init
 .text.energest_type_time
                0x00005c38       0x48 contiki-sky.a(energest.o)
                0x00005c38                energest_type_time
 .text.energest_type_set
                0x00005c80        0xe contiki-sky.a(energest.o)
                0x00005c80                energest_type_set
 .text.energest_flush
                0x00005c8e       0x48 contiki-sky.a(energest.o)
                0x00005c8e                energest_flush
 .text.rtimer_init
                0x00005cd6        0x6 contiki-sky.a(rtimer.o)
                0x00005cd6                rtimer_init
 .text.rtimer_set
                0x00005cdc       0x24 contiki-sky.a(rtimer.o)
                0x00005cdc                rtimer_set
 .text.rtimer_run_next
                0x00005d00       0x26 contiki-sky.a(rtimer.o)
                0x00005d00                rtimer_run_next
 .text.random_init
                0x00005d26        0x6 contiki-sky.a(random.o)
                0x00005d26                random_init
 .text.random_rand
                0x00005d2c        0x6 contiki-sky.a(random.o)
                0x00005d2c                random_rand
 .text.item_from_index
                0x00005d32       0x2a contiki-sky.a(nbr-table.o)
 .text.index_from_key
                0x00005d5c       0x26 contiki-sky.a(nbr-table.o)
 .text.index_from_item
                0x00005d82       0x1e contiki-sky.a(nbr-table.o)
 .text.nbr_set_bit
                0x00005da0       0x58 contiki-sky.a(nbr-table.o)
 .text.index_from_lladdr
                0x00005df8       0x42 contiki-sky.a(nbr-table.o)
 .text.nbr_get_bit.constprop.0
                0x00005e3a       0x2e contiki-sky.a(nbr-table.o)
 .text.nbr_table_register
                0x00005e68       0x26 contiki-sky.a(nbr-table.o)
                0x00005e68                nbr_table_register
 .text.nbr_table_next
                0x00005e8e       0x54 contiki-sky.a(nbr-table.o)
                0x00005e8e                nbr_table_next
 .text.nbr_table_head
                0x00005ee2       0x3a contiki-sky.a(nbr-table.o)
                0x00005ee2                nbr_table_head
 .text.nbr_table_add_lladdr
                0x00005f1c      0x128 contiki-sky.a(nbr-table.o)
                0x00005f1c                nbr_table_add_lladdr
 .text.nbr_table_get_from_lladdr
                0x00006044       0x2c contiki-sky.a(nbr-table.o)
                0x00006044                nbr_table_get_from_lladdr
 .text.nbr_table_remove
                0x00006070       0x32 contiki-sky.a(nbr-table.o)
                0x00006070                nbr_table_remove
 .text.nbr_table_lock
                0x000060a2       0x10 contiki-sky.a(nbr-table.o)
                0x000060a2                nbr_table_lock
 .text.nbr_table_unlock
                0x000060b2       0x10 contiki-sky.a(nbr-table.o)
                0x000060b2                nbr_table_unlock
 .text.nbr_table_get_lladdr
                0x000060c2       0x22 contiki-sky.a(nbr-table.o)
                0x000060c2                nbr_table_get_lladdr
 .text.packetbuf_copyto_hdr
                0x000060e4       0x1c contiki-sky.a(packetbuf.o)
                0x000060e4                packetbuf_copyto_hdr
 .text.packetbuf_copyto
                0x00006100       0x52 contiki-sky.a(packetbuf.o)
                0x00006100                packetbuf_copyto
 .text.packetbuf_hdr_remove
                0x00006152        0x6 contiki-sky.a(packetbuf.o)
                0x00006152                packetbuf_hdr_remove
 .text.packetbuf_hdrreduce
                0x00006158       0x1a contiki-sky.a(packetbuf.o)
                0x00006158                packetbuf_hdrreduce
 .text.packetbuf_set_datalen
                0x00006172        0x6 contiki-sky.a(packetbuf.o)
                0x00006172                packetbuf_set_datalen
 .text.packetbuf_dataptr
                0x00006178        0xe contiki-sky.a(packetbuf.o)
                0x00006178                packetbuf_dataptr
 .text.packetbuf_hdrptr
                0x00006186        0xa contiki-sky.a(packetbuf.o)
                0x00006186                packetbuf_hdrptr
 .text.packetbuf_is_reference
                0x00006190        0xe contiki-sky.a(packetbuf.o)
                0x00006190                packetbuf_is_reference
 .text.packetbuf_compact
                0x0000619e       0x48 contiki-sky.a(packetbuf.o)
                0x0000619e                packetbuf_compact
 .text.packetbuf_reference_ptr
                0x000061e6        0x6 contiki-sky.a(packetbuf.o)
                0x000061e6                packetbuf_reference_ptr
 .text.packetbuf_datalen
                0x000061ec        0x6 contiki-sky.a(packetbuf.o)
                0x000061ec                packetbuf_datalen
 .text.packetbuf_totlen
                0x000061f2       0x10 contiki-sky.a(packetbuf.o)
                0x000061f2                packetbuf_totlen
 .text.packetbuf_hdralloc
                0x00006202       0x2e contiki-sky.a(packetbuf.o)
                0x00006202                packetbuf_hdralloc
 .text.packetbuf_attr_clear
                0x00006230       0x30 contiki-sky.a(packetbuf.o)
                0x00006230                packetbuf_attr_clear
 .text.packetbuf_clear
                0x00006260       0x1a contiki-sky.a(packetbuf.o)
                0x00006260                packetbuf_clear
 .text.packetbuf_copyfrom
                0x0000627a       0x2e contiki-sky.a(packetbuf.o)
                0x0000627a                packetbuf_copyfrom
 .text.packetbuf_attr_copyto
                0x000062a8       0x22 contiki-sky.a(packetbuf.o)
                0x000062a8                packetbuf_attr_copyto
 .text.packetbuf_attr_copyfrom
                0x000062ca       0x24 contiki-sky.a(packetbuf.o)
                0x000062ca                packetbuf_attr_copyfrom
 .text.queuebuf_init
                0x000062ee       0x1a contiki-sky.a(queuebuf.o)
                0x000062ee                queuebuf_init
 .text.queuebuf_new_from_packetbuf
                0x00006308       0x7e contiki-sky.a(queuebuf.o)
                0x00006308                queuebuf_new_from_packetbuf
 .text.queuebuf_update_attr_from_packetbuf
                0x00006386       0x12 contiki-sky.a(queuebuf.o)
                0x00006386                queuebuf_update_attr_from_packetbuf
 .text.queuebuf_free
                0x00006398       0x40 contiki-sky.a(queuebuf.o)
                0x00006398                queuebuf_free
 .text.queuebuf_to_packetbuf
                0x000063d8       0x6e contiki-sky.a(queuebuf.o)
                0x000063d8                queuebuf_to_packetbuf
 .text.queuebuf_attr
                0x00006446        0xe contiki-sky.a(queuebuf.o)
                0x00006446                queuebuf_attr
 .text.set_packet_attrs
                0x00006454       0x46 contiki-sky.a(sicslowpan.o)
 .text.addr_context_lookup_by_number
                0x0000649a       0x32 contiki-sky.a(sicslowpan.o)
 .text.compress_addr_64
                0x000064cc       0xae contiki-sky.a(sicslowpan.o)
 .text.uncompress_addr
                0x0000657a       0xb4 contiki-sky.a(sicslowpan.o)
 .text.input    0x0000662e      0x624 contiki-sky.a(sicslowpan.o)
 .text.sicslowpan_init
                0x00006c52       0x26 contiki-sky.a(sicslowpan.o)
                0x00006c52                sicslowpan_init
 .text.addr_context_lookup_by_prefix
                0x00006c78       0x4c contiki-sky.a(sicslowpan.o)
 .text.packet_sent
                0x00006cc4       0x22 contiki-sky.a(sicslowpan.o)
 .text.send_packet
                0x00006ce6       0x1a contiki-sky.a(sicslowpan.o)
 .text.output   0x00006d00      0x6ee contiki-sky.a(sicslowpan.o)
 .text.start_periodic_tcp_timer
                0x000073ee       0x16 contiki-sky.a(tcpip.o)
 .text.tcpip_output
                0x00007404       0x10 contiki-sky.a(tcpip.o)
                0x00007404                tcpip_output
 .text.tcpip_set_outputfunc
                0x00007414        0x6 contiki-sky.a(tcpip.o)
                0x00007414                tcpip_set_outputfunc
 .text.udp_new  0x0000741a       0x1a contiki-sky.a(tcpip.o)
                0x0000741a                udp_new
 .text.tcpip_input
                0x00007434       0x16 contiki-sky.a(tcpip.o)
                0x00007434                tcpip_input
 .text.tcpip_ipv6_output
                0x0000744a      0x152 contiki-sky.a(tcpip.o)
                0x0000744a                tcpip_ipv6_output
 .text.process_thread_tcpip_process
                0x0000759c      0x1d4 contiki-sky.a(tcpip.o)
 .text.tcpip_uipcall
                0x00007770       0x70 contiki-sky.a(tcpip.o)
                0x00007770                tcpip_uipcall
 .text.uip_debug_ipaddr_print
                0x000077e0       0x7e contiki-sky.a(uip-debug.o)
                0x000077e0                uip_debug_ipaddr_print
 .text.call_route_callback
                0x0000785e       0x4c contiki-sky.a(uip-ds6-route.o)
 .text.uip_ds6_route_init
                0x000078aa       0x2e contiki-sky.a(uip-ds6-route.o)
                0x000078aa                uip_ds6_route_init
 .text.uip_ds6_route_nexthop
                0x000078d8       0x1a contiki-sky.a(uip-ds6-route.o)
                0x000078d8                uip_ds6_route_nexthop
 .text.uip_ds6_route_head
                0x000078f2       0x28 contiki-sky.a(uip-ds6-route.o)
                0x000078f2                uip_ds6_route_head
 .text.uip_ds6_route_next
                0x0000791a       0x30 contiki-sky.a(uip-ds6-route.o)
                0x0000791a                uip_ds6_route_next
 .text.uip_ds6_route_lookup
                0x0000794a       0x5e contiki-sky.a(uip-ds6-route.o)
                0x0000794a                uip_ds6_route_lookup
 .text.uip_ds6_route_add
                0x000079a8       0xb4 contiki-sky.a(uip-ds6-route.o)
                0x000079a8                uip_ds6_route_add
 .text.uip_ds6_route_rm
                0x00007a5c       0x60 contiki-sky.a(uip-ds6-route.o)
                0x00007a5c                uip_ds6_route_rm
 .text.rm_routelist
                0x00007abc       0x30 contiki-sky.a(uip-ds6-route.o)
 .text.rm_routelist_callback
                0x00007aec        0x6 contiki-sky.a(uip-ds6-route.o)
 .text.uip_ds6_defrt_rm
                0x00007af2       0x48 contiki-sky.a(uip-ds6-route.o)
                0x00007af2                uip_ds6_defrt_rm
 .text.uip_ds6_defrt_lookup
                0x00007b3a       0x36 contiki-sky.a(uip-ds6-route.o)
                0x00007b3a                uip_ds6_defrt_lookup
 .text.uip_ds6_defrt_add
                0x00007b70       0x74 contiki-sky.a(uip-ds6-route.o)
                0x00007b70                uip_ds6_defrt_add
 .text.uip_ds6_defrt_choose
                0x00007be4       0x3a contiki-sky.a(uip-ds6-route.o)
                0x00007be4                uip_ds6_defrt_choose
 .text.uip_ds6_defrt_periodic
                0x00007c1e       0x38 contiki-sky.a(uip-ds6-route.o)
                0x00007c1e                uip_ds6_defrt_periodic
 .text.uip_ds6_nbr_rm
                0x00007c56       0x1a contiki-sky.a(uip-ds6-nbr.o)
                0x00007c56                uip_ds6_nbr_rm
 .text.uip_ds6_neighbors_init
                0x00007c70        0xe contiki-sky.a(uip-ds6-nbr.o)
                0x00007c70                uip_ds6_neighbors_init
 .text.uip_ds6_nbr_add
                0x00007c7e       0x60 contiki-sky.a(uip-ds6-nbr.o)
                0x00007c7e                uip_ds6_nbr_add
 .text.uip_ds6_nbr_get_ll
                0x00007cde        0xc contiki-sky.a(uip-ds6-nbr.o)
                0x00007cde                uip_ds6_nbr_get_ll
 .text.uip_ds6_nbr_lookup
                0x00007cea       0x42 contiki-sky.a(uip-ds6-nbr.o)
                0x00007cea                uip_ds6_nbr_lookup
 .text.uip_ds6_nbr_ll_lookup
                0x00007d2c        0xc contiki-sky.a(uip-ds6-nbr.o)
                0x00007d2c                uip_ds6_nbr_ll_lookup
 .text.uip_ds6_nbr_ipaddr_from_lladdr
                0x00007d38        0x6 contiki-sky.a(uip-ds6-nbr.o)
                0x00007d38                uip_ds6_nbr_ipaddr_from_lladdr
 .text.uip_ds6_nbr_lladdr_from_ipaddr
                0x00007d3e       0x12 contiki-sky.a(uip-ds6-nbr.o)
                0x00007d3e                uip_ds6_nbr_lladdr_from_ipaddr
 .text.uip_ds6_link_neighbor_callback
                0x00007d50       0x2a contiki-sky.a(uip-ds6-nbr.o)
                0x00007d50                uip_ds6_link_neighbor_callback
 .text.uip_ds6_neighbor_periodic
                0x00007d7a       0xfe contiki-sky.a(uip-ds6-nbr.o)
                0x00007d7a                uip_ds6_neighbor_periodic
 .text.uip_ds6_list_loop
                0x00007e78       0x86 contiki-sky.a(uip-ds6.o)
                0x00007e78                uip_ds6_list_loop
 .text.uip_ds6_prefix_add
                0x00007efe       0x80 contiki-sky.a(uip-ds6.o)
                0x00007efe                uip_ds6_prefix_add
 .text.uip_ds6_is_addr_onlink
                0x00007f7e       0x54 contiki-sky.a(uip-ds6.o)
                0x00007f7e                uip_ds6_is_addr_onlink
 .text.uip_ds6_addr_lookup
                0x00007fd2       0x2a contiki-sky.a(uip-ds6.o)
                0x00007fd2                uip_ds6_addr_lookup
 .text.uip_ds6_get_link_local
                0x00007ffc       0x3e contiki-sky.a(uip-ds6.o)
                0x00007ffc                uip_ds6_get_link_local
 .text.uip_ds6_maddr_add
                0x0000803a       0x4c contiki-sky.a(uip-ds6.o)
                0x0000803a                uip_ds6_maddr_add
 .text.uip_ds6_addr_add
                0x00008086       0xc4 contiki-sky.a(uip-ds6.o)
                0x00008086                uip_ds6_addr_add
 .text.uip_ds6_maddr_rm
                0x0000814a        0xa contiki-sky.a(uip-ds6.o)
                0x0000814a                uip_ds6_maddr_rm
 .text.uip_ds6_maddr_lookup
                0x00008154       0x2a contiki-sky.a(uip-ds6.o)
                0x00008154                uip_ds6_maddr_lookup
 .text.uip_ds6_addr_rm
                0x0000817e       0x54 contiki-sky.a(uip-ds6.o)
                0x0000817e                uip_ds6_addr_rm
 .text.uip_ds6_periodic
                0x000081d2       0x4a contiki-sky.a(uip-ds6.o)
                0x000081d2                uip_ds6_periodic
 .text.uip_ds6_set_addr_iid
                0x0000821c       0x14 contiki-sky.a(uip-ds6.o)
                0x0000821c                uip_ds6_set_addr_iid
 .text.get_match_length
                0x00008230       0x44 contiki-sky.a(uip-ds6.o)
                0x00008230                get_match_length
 .text.uip_ds6_select_src
                0x00008274       0xaa contiki-sky.a(uip-ds6.o)
                0x00008274                uip_ds6_select_src
 .text.uip_ds6_compute_reachable_time
                0x0000831e       0x3e contiki-sky.a(uip-ds6.o)
                0x0000831e                uip_ds6_compute_reachable_time
 .text.uip_ds6_init
                0x0000835c      0x154 contiki-sky.a(uip-ds6.o)
                0x0000835c                uip_ds6_init
 .text.uip_nd6_ns_input
                0x000084b0      0x24e contiki-sky.a(uip-nd6.o)
                0x000084b0                uip_nd6_ns_input
 .text.uip_nd6_ns_output
                0x000086fe      0x17a contiki-sky.a(uip-nd6.o)
                0x000086fe                uip_nd6_ns_output
 .text.uip_nd6_na_input
                0x00008878      0x1bc contiki-sky.a(uip-nd6.o)
                0x00008878                uip_nd6_na_input
 .text.uip_udp_packet_send
                0x00008a34       0x2e contiki-sky.a(uip-udp-packet.)
                0x00008a34                uip_udp_packet_send
 .text.uip_udp_packet_sendto
                0x00008a62       0x66 contiki-sky.a(uip-udp-packet.)
                0x00008a62                uip_udp_packet_sendto
 .text.chksum   0x00008ac8       0x32 contiki-sky.a(uip6.o)
 .text.upper_layer_chksum
                0x00008afa       0x56 contiki-sky.a(uip6.o)
 .text.ext_hdr_options_process
                0x00008b50       0xd0 contiki-sky.a(uip6.o)
 .text.uip_add32
                0x00008c20       0x68 contiki-sky.a(uip6.o)
                0x00008c20                uip_add32
 .text.uip_add_rcv_nxt
                0x00008c88       0x2e contiki-sky.a(uip6.o)
 .text.uip_icmp6chksum
                0x00008cb6        0xa contiki-sky.a(uip6.o)
                0x00008cb6                uip_icmp6chksum
 .text.uip_tcpchksum
                0x00008cc0        0xa contiki-sky.a(uip6.o)
                0x00008cc0                uip_tcpchksum
 .text.uip_udpchksum
                0x00008cca        0xa contiki-sky.a(uip6.o)
                0x00008cca                uip_udpchksum
 .text.uip_init
                0x00008cd4       0x72 contiki-sky.a(uip6.o)
                0x00008cd4                uip_init
 .text.remove_ext_hdr
                0x00008d46       0x58 contiki-sky.a(uip6.o)
                0x00008d46                remove_ext_hdr
 .text.uip_udp_new
                0x00008d9e       0xe4 contiki-sky.a(uip6.o)
                0x00008d9e                uip_udp_new
 .text.uip_unlisten
                0x00008e82       0x2a contiki-sky.a(uip6.o)
                0x00008e82                uip_unlisten
 .text.uip_process
                0x00008eac      0xeb2 contiki-sky.a(uip6.o)
                0x00008eac                uip_process
 .text.uip_htonl
                0x00009d5e       0x2e contiki-sky.a(uip6.o)
                0x00009d5e                uip_htonl
 .text.init_platform
                0x00009d8c        0xc contiki-sky.a(contiki-sky-pla)
                0x00009d8c                init_platform
 .text.value    0x00009d98       0x1a contiki-sky.a(light-sensor.o)
 .text.status   0x00009db2        0xc contiki-sky.a(light-sensor.o)
 .text.configure
                0x00009dbe       0x10 contiki-sky.a(light-sensor.o)
 .text.status   0x00009dce       0x18 contiki-sky.a(button-sensor.o)
 .text.value    0x00009de6       0x20 contiki-sky.a(button-sensor.o)
 .text.configure
                0x00009e06       0x4c contiki-sky.a(button-sensor.o)
 .text.irq_p2   0x00009e52       0x88 contiki-sky.a(button-sensor.o)
                0x00009e52                irq_p2
                0x00009e52                __isr_1
 .text.owreadb  0x00009eda       0x50 contiki-sky.a(ds2411.o)
 .text.ds2411_init
                0x00009f2a      0x120 contiki-sky.a(ds2411.o)
                0x00009f2a                ds2411_init
 .text.wait_ready
                0x0000a04a       0x4a contiki-sky.a(xmem.o)
 .text.xmem_init
                0x0000a094       0x3c contiki-sky.a(xmem.o)
                0x0000a094                xmem_init
 .text.xmem_pread
                0x0000a0d0       0xe0 contiki-sky.a(xmem.o)
                0x0000a0d0                xmem_pread
 .text.node_id_restore
                0x0000a1b0       0x38 contiki-sky.a(node-id.o)
                0x0000a1b0                node_id_restore
 .text.process_thread_sensors_process
                0x0000a1e8       0xc2 contiki-sky.a(sensors.o)
 .text.sensors_changed
                0x0000a2aa       0x2a contiki-sky.a(sensors.o)
                0x0000a2aa                sensors_changed
 .text.strobe   0x0000a2d4       0x1c contiki-sky.a(cc2420.o)
 .text.status   0x0000a2f0       0x22 contiki-sky.a(cc2420.o)
 .text.getreg   0x0000a312       0x4c contiki-sky.a(cc2420.o)
 .text.setreg   0x0000a35e       0x4c contiki-sky.a(cc2420.o)
 .text.set_txpower
                0x0000a3aa       0x24 contiki-sky.a(cc2420.o)
 .text.cc2420_receiving_packet
                0x0000a3ce        0xc contiki-sky.a(cc2420.o)
 .text.pending_packet
                0x0000a3da        0x8 contiki-sky.a(cc2420.o)
 .text.on       0x0000a3e2       0x44 contiki-sky.a(cc2420.o)
 .text.flushrx  0x0000a426       0x6c contiki-sky.a(cc2420.o)
 .text.off      0x0000a492       0x72 contiki-sky.a(cc2420.o)
 .text.RELEASE_LOCK
                0x0000a504       0x28 contiki-sky.a(cc2420.o)
 .text.cc2420_prepare
                0x0000a52c       0x82 contiki-sky.a(cc2420.o)
 .text.getrxdata
                0x0000a5ae       0x50 contiki-sky.a(cc2420.o)
 .text.cc2420_on
                0x0000a5fe       0x22 contiki-sky.a(cc2420.o)
                0x0000a5fe                cc2420_on
 .text.cc2420_off
                0x0000a620       0x30 contiki-sky.a(cc2420.o)
                0x0000a620                cc2420_off
 .text.cc2420_cca
                0x0000a650       0x82 contiki-sky.a(cc2420.o)
 .text.cc2420_read
                0x0000a6d2       0xda contiki-sky.a(cc2420.o)
 .text.process_thread_cc2420_process
                0x0000a7ac       0x54 contiki-sky.a(cc2420.o)
 .text.cc2420_set_channel
                0x0000a800       0x80 contiki-sky.a(cc2420.o)
                0x0000a800                cc2420_set_channel
 .text.cc2420_set_pan_addr
                0x0000a880      0x13e contiki-sky.a(cc2420.o)
                0x0000a880                cc2420_set_pan_addr
 .text.cc2420_interrupt
                0x0000a9be       0x1e contiki-sky.a(cc2420.o)
                0x0000a9be                cc2420_interrupt
 .text.cc2420_get_txpower
                0x0000a9dc       0x1e contiki-sky.a(cc2420.o)
                0x0000a9dc                cc2420_get_txpower
 .text.cc2420_transmit
                0x0000a9fa      0x1a6 contiki-sky.a(cc2420.o)
 .text.cc2420_send
                0x0000aba0       0x12 contiki-sky.a(cc2420.o)
 .text.cc2420_set_cca_threshold
                0x0000abb2       0x16 contiki-sky.a(cc2420.o)
                0x0000abb2                cc2420_set_cca_threshold
 .text.cc2420_init
                0x0000abc8       0xd2 contiki-sky.a(cc2420.o)
                0x0000abc8                cc2420_init
 .text.cc2420_port1_interrupt
                0x0000ac9a       0x62 contiki-sky.a(cc2420-arch.o)
                0x0000ac9a                __isr_4
                0x0000ac9a                cc2420_port1_interrupt
 .text.cc2420_arch_init
                0x0000acfc       0x1a contiki-sky.a(cc2420-arch.o)
                0x0000acfc                cc2420_arch_init
 .text.sky_sensors_status
                0x0000ad16       0x3c contiki-sky.a(sky-sensors.o)
                0x0000ad16                sky_sensors_status
 .text.sky_sensors_configure
                0x0000ad52       0xee contiki-sky.a(sky-sensors.o)
                0x0000ad52                sky_sensors_configure
 .text.uart1_active
                0x0000ae40       0x18 contiki-sky.a(uart1.o)
                0x0000ae40                uart1_active
 .text.uart1_writeb
                0x0000ae58       0x18 contiki-sky.a(uart1.o)
                0x0000ae58                uart1_writeb
 .text.uart1_init
                0x0000ae70       0xf4 contiki-sky.a(uart1.o)
                0x0000ae70                uart1_init
 .text.putchar  0x0000af64       0x10 contiki-sky.a(uart1-putchar.o)
                0x0000af64                putchar
 .text.msp430_init_dco
                0x0000af74       0x82 contiki-sky.a(msp430.o)
                0x0000af74                msp430_init_dco
 .text.msp430_add_lpm_req
                0x0000aff6        0xc contiki-sky.a(msp430.o)
                0x0000aff6                msp430_add_lpm_req
 .text.msp430_cpu_init
                0x0000b002       0x2a contiki-sky.a(msp430.o)
                0x0000b002                msp430_cpu_init
 .text.splhigh_
                0x0000b02c        0x8 contiki-sky.a(msp430.o)
                0x0000b02c                splhigh_
 .text.msp430_sync_dco
                0x0000b034       0x6c contiki-sky.a(msp430.o)
                0x0000b034                msp430_sync_dco
 .text.timera1  0x0000b0a0       0xfe contiki-sky.a(clock.o)
                0x0000b0a0                __isr_5
                0x0000b0a0                timera1
 .text.clock_time
                0x0000b19e       0x1a contiki-sky.a(clock.o)
                0x0000b19e                clock_time
 .text.clock_init
                0x0000b1b8       0x28 contiki-sky.a(clock.o)
                0x0000b1b8                clock_init
 .text.clock_delay
                0x0000b1e0        0xc contiki-sky.a(clock.o)
                0x0000b1e0                clock_delay
 .text.clock_seconds
                0x0000b1ec       0x1a contiki-sky.a(clock.o)
                0x0000b1ec                clock_seconds
 .text.show_leds
                0x0000b206      0x100 contiki-sky.a(leds.o)
 .text.leds_init
                0x0000b306        0xe contiki-sky.a(leds.o)
                0x0000b306                leds_init
 .text.leds_on  0x0000b314       0x14 contiki-sky.a(leds.o)
                0x0000b314                leds_on
 .text.leds_off
                0x0000b328       0x14 contiki-sky.a(leds.o)
                0x0000b328                leds_off
 .text.leds_arch_init
                0x0000b33c        0xe contiki-sky.a(leds-arch.o)
                0x0000b33c                leds_arch_init
 .text.leds_arch_set
                0x0000b34a       0x38 contiki-sky.a(leds-arch.o)
                0x0000b34a                leds_arch_set
 .text.watchdog_interrupt
                0x0000b382        0x6 contiki-sky.a(watchdog.o)
                0x0000b382                __isr_10
                0x0000b382                watchdog_interrupt
 .text.watchdog_start
                0x0000b388       0x14 contiki-sky.a(watchdog.o)
                0x0000b388                watchdog_start
 .text.watchdog_periodic
                0x0000b39c       0x12 contiki-sky.a(watchdog.o)
                0x0000b39c                watchdog_periodic
 .text.watchdog_stop
                0x0000b3ae       0x16 contiki-sky.a(watchdog.o)
                0x0000b3ae                watchdog_stop
 .text.watchdog_init
                0x0000b3c4       0x12 contiki-sky.a(watchdog.o)
                0x0000b3c4                watchdog_init
 .text.rtimer_arch_init
                0x0000b3d6        0xe contiki-sky.a(rtimer-arch.o)
                0x0000b3d6                rtimer_arch_init
 .text.rtimer_arch_now
                0x0000b3e4        0xe contiki-sky.a(rtimer-arch.o)
                0x0000b3e4                rtimer_arch_now
 .text.timera0  0x0000b3f2       0x70 contiki-sky.a(rtimer-arch.o)
                0x0000b3f2                __isr_6
                0x0000b3f2                timera0
 .text.rtimer_arch_schedule
                0x0000b462        0x6 contiki-sky.a(rtimer-arch.o)
                0x0000b462                rtimer_arch_schedule
 .text.mac_call_sent_callback
                0x0000b468       0x14 contiki-sky.a(mac.o)
                0x0000b468                mac_call_sent_callback
 .text.create   0x0000b47c      0x10a contiki-sky.a(framer-802154.o)
 .text.parse    0x0000b586       0xac contiki-sky.a(framer-802154.o)
 .text.rpl_purge_routes
                0x0000b632       0x96 contiki-sky.a(rpl.o)
                0x0000b632                rpl_purge_routes
 .text.rpl_remove_routes
                0x0000b6c8       0x22 contiki-sky.a(rpl.o)
                0x0000b6c8                rpl_remove_routes
 .text.rpl_remove_routes_by_nexthop
                0x0000b6ea       0x46 contiki-sky.a(rpl.o)
                0x0000b6ea                rpl_remove_routes_by_nexthop
 .text.rpl_add_route
                0x0000b730       0x48 contiki-sky.a(rpl.o)
                0x0000b730                rpl_add_route
 .text.rpl_link_neighbor_callback
                0x0000b778       0x6a contiki-sky.a(rpl.o)
                0x0000b778                rpl_link_neighbor_callback
 .text.rpl_ipv6_neighbor_callback
                0x0000b7e2       0x1e contiki-sky.a(rpl.o)
                0x0000b7e2                rpl_ipv6_neighbor_callback
 .text.rpl_init
                0x0000b800       0x40 contiki-sky.a(rpl.o)
                0x0000b800                rpl_init
 .text.lollipop_greater_than
                0x0000b840       0x3c contiki-sky.a(rpl-dag.o)
 .text.find_parent_any_dag_any_instance
                0x0000b87c       0x14 contiki-sky.a(rpl-dag.o)
 .text.rpl_set_preferred_parent
                0x0000b890       0x30 contiki-sky.a(rpl-dag.o)
 .text.set_ip_from_prefix
                0x0000b8c0       0x38 contiki-sky.a(rpl-dag.o)
 .text.check_prefix
                0x0000b8f8       0x80 contiki-sky.a(rpl-dag.o)
 .text.rpl_dag_init
                0x0000b978        0xe contiki-sky.a(rpl-dag.o)
                0x0000b978                rpl_dag_init
 .text.rpl_get_parent_ipaddr
                0x0000b986       0x10 contiki-sky.a(rpl-dag.o)
                0x0000b986                rpl_get_parent_ipaddr
 .text.rpl_set_prefix
                0x0000b996       0x8e contiki-sky.a(rpl-dag.o)
                0x0000b996                rpl_set_prefix
 .text.rpl_set_default_route
                0x0000ba24       0x64 contiki-sky.a(rpl-dag.o)
                0x0000ba24                rpl_set_default_route
 .text.rpl_alloc_instance
                0x0000ba88       0x2c contiki-sky.a(rpl-dag.o)
                0x0000ba88                rpl_alloc_instance
 .text.rpl_add_parent
                0x0000bab4       0x3c contiki-sky.a(rpl-dag.o)
                0x0000bab4                rpl_add_parent
 .text.rpl_find_parent
                0x0000baf0       0x1c contiki-sky.a(rpl-dag.o)
                0x0000baf0                rpl_find_parent
 .text.rpl_find_parent_any_dag
                0x0000bb0c       0x24 contiki-sky.a(rpl-dag.o)
                0x0000bb0c                rpl_find_parent_any_dag
 .text.rpl_select_parent
                0x0000bb30       0x5c contiki-sky.a(rpl-dag.o)
                0x0000bb30                rpl_select_parent
 .text.rpl_select_dag
                0x0000bb8c      0x1ae contiki-sky.a(rpl-dag.o)
                0x0000bb8c                rpl_select_dag
 .text.rpl_nullify_parent
                0x0000bd3a       0x4e contiki-sky.a(rpl-dag.o)
                0x0000bd3a                rpl_nullify_parent
 .text.rpl_remove_parent
                0x0000bd88       0x16 contiki-sky.a(rpl-dag.o)
                0x0000bd88                rpl_remove_parent
 .text.remove_parents.constprop.5
                0x0000bd9e       0x32 contiki-sky.a(rpl-dag.o)
 .text.rpl_free_dag
                0x0000bdd0       0x34 contiki-sky.a(rpl-dag.o)
                0x0000bdd0                rpl_free_dag
 .text.rpl_free_instance
                0x0000be04       0x5c contiki-sky.a(rpl-dag.o)
                0x0000be04                rpl_free_instance
 .text.rpl_move_parent
                0x0000be60       0x6e contiki-sky.a(rpl-dag.o)
                0x0000be60                rpl_move_parent
 .text.rpl_get_any_dag
                0x0000bece       0x16 contiki-sky.a(rpl-dag.o)
                0x0000bece                rpl_get_any_dag
 .text.rpl_get_instance
                0x0000bee4       0x16 contiki-sky.a(rpl-dag.o)
                0x0000bee4                rpl_get_instance
 .text.get_dag  0x0000befa       0x58 contiki-sky.a(rpl-dag.o)
 .text.rpl_alloc_dag
                0x0000bf52       0x66 contiki-sky.a(rpl-dag.o)
                0x0000bf52                rpl_alloc_dag
 .text.rpl_repair_root
                0x0000bfb8       0x4c contiki-sky.a(rpl-dag.o)
                0x0000bfb8                rpl_repair_root
 .text.rpl_find_of
                0x0000c004       0x10 contiki-sky.a(rpl-dag.o)
                0x0000c004                rpl_find_of
 .text.rpl_join_instance
                0x0000c014      0x13c contiki-sky.a(rpl-dag.o)
                0x0000c014                rpl_join_instance
 .text.rpl_local_repair
                0x0000c150       0x80 contiki-sky.a(rpl-dag.o)
                0x0000c150                rpl_local_repair
 .text.rpl_process_parent_event
                0x0000c1d0       0x80 contiki-sky.a(rpl-dag.o)
                0x0000c1d0                rpl_process_parent_event
 .text.rpl_recalculate_ranks
                0x0000c250       0x42 contiki-sky.a(rpl-dag.o)
                0x0000c250                rpl_recalculate_ranks
 .text.rpl_add_dag
                0x0000c292      0x112 contiki-sky.a(rpl-dag.o)
                0x0000c292                rpl_add_dag
 .text.rpl_process_dio
                0x0000c3a4      0x274 contiki-sky.a(rpl-dag.o)
                0x0000c3a4                rpl_process_dio
 .text.get32    0x0000c618       0x46 contiki-sky.a(rpl-icmp6.o)
 .text.set32    0x0000c65e       0x2a contiki-sky.a(rpl-icmp6.o)
 .text.get16    0x0000c688        0xe contiki-sky.a(rpl-icmp6.o)
 .text.set16    0x0000c696       0x10 contiki-sky.a(rpl-icmp6.o)
 .text.dis_output
                0x0000c6a6       0x50 contiki-sky.a(rpl-icmp6.o)
                0x0000c6a6                dis_output
 .text.dio_output
                0x0000c6f6      0x264 contiki-sky.a(rpl-icmp6.o)
                0x0000c6f6                dio_output
 .text.dao_output_target
                0x0000c95a       0xdc contiki-sky.a(rpl-icmp6.o)
                0x0000c95a                dao_output_target
 .text.dao_output
                0x0000ca36       0x7e contiki-sky.a(rpl-icmp6.o)
                0x0000ca36                dao_output
 .text.dao_ack_output
                0x0000cab4       0x32 contiki-sky.a(rpl-icmp6.o)
                0x0000cab4                dao_ack_output
 .text.uip_rpl_input
                0x0000cae6      0x52a contiki-sky.a(rpl-icmp6.o)
                0x0000cae6                uip_rpl_input
 .text.new_dio_interval
                0x0000d010       0x92 contiki-sky.a(rpl-timers.o)
 .text.handle_periodic_timer
                0x0000d0a2       0x2e contiki-sky.a(rpl-timers.o)
 .text.handle_dao_timer
                0x0000d0d0       0x50 contiki-sky.a(rpl-timers.o)
 .text.handle_dio_timer
                0x0000d120       0x82 contiki-sky.a(rpl-timers.o)
 .text.rpl_reset_periodic_timer
                0x0000d1a2       0x54 contiki-sky.a(rpl-timers.o)
                0x0000d1a2                rpl_reset_periodic_timer
 .text.rpl_reset_dio_timer
                0x0000d1f6       0x18 contiki-sky.a(rpl-timers.o)
                0x0000d1f6                rpl_reset_dio_timer
 .text.rpl_schedule_dao
                0x0000d20e       0x4e contiki-sky.a(rpl-timers.o)
                0x0000d20e                rpl_schedule_dao
 .text.reset    0x0000d25c        0x2 contiki-sky.a(rpl-mrhof.o)
 .text.neighbor_link_callback
                0x0000d25e       0x86 contiki-sky.a(rpl-mrhof.o)
 .text.calculate_rank
                0x0000d2e4       0x2c contiki-sky.a(rpl-mrhof.o)
 .text.update_metric_container
                0x0000d310        0x6 contiki-sky.a(rpl-mrhof.o)
 .text.best_dag
                0x0000d316       0x2e contiki-sky.a(rpl-mrhof.o)
 .text.best_parent
                0x0000d344       0x52 contiki-sky.a(rpl-mrhof.o)
 .text.rpl_verify_header
                0x0000d396       0xb4 contiki-sky.a(rpl-ext-header.)
                0x0000d396                rpl_verify_header
 .text.rpl_update_header_empty
                0x0000d44a       0xf8 contiki-sky.a(rpl-ext-header.)
                0x0000d44a                rpl_update_header_empty
 .text.rpl_update_header_final
                0x0000d542       0x88 contiki-sky.a(rpl-ext-header.)
                0x0000d542                rpl_update_header_final
 .text.rpl_invert_header
                0x0000d5ca       0x4e contiki-sky.a(rpl-ext-header.)
                0x0000d5ca                rpl_invert_header
 .text.rpl_insert_header
                0x0000d618       0x1c contiki-sky.a(rpl-ext-header.)
                0x0000d618                rpl_insert_header
 .text.stimer_set
                0x0000d634       0x1c contiki-sky.a(stimer.o)
                0x0000d634                stimer_set
 .text.stimer_expired
                0x0000d650       0x30 contiki-sky.a(stimer.o)
                0x0000d650                stimer_expired
 .text.uip_icmp6_echo_request_input
                0x0000d680      0x12c contiki-sky.a(uip-icmp6.o)
                0x0000d680                uip_icmp6_echo_request_input
 .text.uip_icmp6_error_output
                0x0000d7ac      0x17e contiki-sky.a(uip-icmp6.o)
                0x0000d7ac                uip_icmp6_error_output
 .text.uip_icmp6_send
                0x0000d92a       0x94 contiki-sky.a(uip-icmp6.o)
                0x0000d92a                uip_icmp6_send
 .text.spi_init
                0x0000d9be       0x30 contiki-sky.a(spi.o)
                0x0000d9be                spi_init
 .text.field_len
                0x0000d9ee       0x90 contiki-sky.a(frame802154.o)
 .text.frame802154_hdrlen
                0x0000da7e       0x2e contiki-sky.a(frame802154.o)
                0x0000da7e                frame802154_hdrlen
 .text.frame802154_create
                0x0000daac      0x172 contiki-sky.a(frame802154.o)
                0x0000daac                frame802154_create
 .text.frame802154_parse
                0x0000dc1e      0x1c4 contiki-sky.a(frame802154.o)
                0x0000dc1e                frame802154_parse
 .text.libgcc   0x0000dde2       0x2c /usr/local/msp430/bin/../lib/gcc/msp430/4.7.0/mmpy-16/libgcc.a(_mulsi3.o)
                0x0000dde2                __mulsi3
 .text.libgcc   0x0000de0e       0x22 /usr/local/msp430/bin/../lib/gcc/msp430/4.7.0/mmpy-16/libgcc.a(_udivmod16.o)
                0x0000de0e                __udivhi3
                0x0000de0e                __ext_udivmod16
                0x0000de28                __umodhi3
 .text.libgcc   0x0000de30       0x3a /usr/local/msp430/bin/../lib/gcc/msp430/4.7.0/mmpy-16/libgcc.a(_divmod16.o)
                0x0000de30                __ext_divmod16
                0x0000de30                __divhi3
                0x0000de62                __modhi3
 .text.libgcc   0x0000de6a       0x40 /usr/local/msp430/bin/../lib/gcc/msp430/4.7.0/mmpy-16/libgcc.a(_udivmod32.o)
                0x0000de6a                __udivsi3
                0x0000de6a                __ext_udivmod32
                0x0000dea0                __umodsi3
 .text.printf   0x0000deaa       0x10 /usr/local/msp430/bin/../lib/gcc/msp430/4.7.0/../../../../msp430/lib/mmpy-16/libc.a(printf.o)
                0x0000deaa                printf
 .text.append   0x0000deba       0x22 /usr/local/msp430/bin/../lib/gcc/msp430/4.7.0/../../../../msp430/lib/mmpy-16/libc.a(sprintf.o)
 .text.call_vuprintf
                0x0000dedc       0x3a /usr/local/msp430/bin/../lib/gcc/msp430/4.7.0/../../../../msp430/lib/mmpy-16/libc.a(sprintf.o)
 .text.sprintf  0x0000df16       0x1c /usr/local/msp430/bin/../lib/gcc/msp430/4.7.0/../../../../msp430/lib/mmpy-16/libc.a(sprintf.o)
                0x0000df16                sprintf
 .text.print_field
                0x0000df32      0x194 /usr/local/msp430/bin/../lib/gcc/msp430/4.7.0/../../../../msp430/lib/mmpy-16/libc.a(vuprintf.o)
 .text.vuprintf
                0x0000e0c6      0x63c /usr/local/msp430/bin/../lib/gcc/msp430/4.7.0/../../../../msp430/lib/mmpy-16/libc.a(vuprintf.o)
                0x0000e0c6                vuprintf
 .text.puts     0x0000e702       0x2c /usr/local/msp430/bin/../lib/gcc/msp430/4.7.0/../../../../msp430/lib/mmpy-16/libc.a(puts.o)
                0x0000e702                puts
 .text.rand     0x0000e72e       0x26 /usr/local/msp430/bin/../lib/gcc/msp430/4.7.0/../../../../msp430/lib/mmpy-16/libc.a(rand.o)
                0x0000e72e                rand
 .text.srand    0x0000e754        0xa /usr/local/msp430/bin/../lib/gcc/msp430/4.7.0/../../../../msp430/lib/mmpy-16/libc.a(rand.o)
                0x0000e754                srand
 .text.memcmp   0x0000e75e       0x30 /usr/local/msp430/bin/../lib/gcc/msp430/4.7.0/../../../../msp430/lib/mmpy-16/libc.a(memcmp.o)
                0x0000e75e                memcmp
 .text.memcpy   0x0000e78e       0xfa /usr/local/msp430/bin/../lib/gcc/msp430/4.7.0/../../../../msp430/lib/mmpy-16/libc.a(memcpy.o)
                0x0000e78e                memcpy
 .text.memmove  0x0000e888       0xfa /usr/local/msp430/bin/../lib/gcc/msp430/4.7.0/../../../../msp430/lib/mmpy-16/libc.a(memmove.o)
                0x0000e888                memmove
 .text.memset   0x0000e982       0x6a /usr/local/msp430/bin/../lib/gcc/msp430/4.7.0/../../../../msp430/lib/mmpy-16/libc.a(memset.o)
                0x0000e982                memset
 .text.libgcc   0x0000e9ec       0xf0 /usr/local/msp430/bin/../lib/gcc/msp430/4.7.0/mmpy-16/libgcc.a(_udivmod64.o)
                0x0000e9ec                __xabi_udivmod64
                0x0000ea4a                __udivdi3
                0x0000ea70                __umoddi3
                0x0000ea9e                __udivmoddi4
 .text.crt0     0x0000eadc        0x2 /usr/local/msp430/bin/../lib/gcc/msp430/4.7.0/mmpy-16/libcrt0.a(_unexpected_.o)
                0x0000eadc                _unexpected_
 *(.near.text .near.text.*)

.rodata         0x0000eae0      0x2a1
                0x0000eae0                . = ALIGN (0x2)
 *(.rodata .rodata.* .gnu.linkonce.r.*)
 .rodata        0x0000eae0       0x62 in.co
                0x0000eb2a                autostart_processes
 .rodata        0x0000eb42      0x12a obj_sky/contiki-sky-main.o
 .rodata        0x0000ec6c        0x8 contiki-sky.a(rimeaddr.o)
                0x0000ec6c                rimeaddr_null
 .rodata        0x0000ec74       0x14 contiki-sky.a(csma.o)
                0x0000ec7a                csma_driver
 .rodata        0x0000ec88       0x1c contiki-sky.a(contikimac.o)
                0x0000ec94                contikimac_driver
 .rodata        0x0000eca4        0xc contiki-sky.a(etimer.o)
 .rodata        0x0000ecb0        0xf contiki-sky.a(ctimer.o)
 *fill*         0x0000ecbf        0x1 00
 .rodata        0x0000ecc0       0x24 contiki-sky.a(sicslowpan.o)
                0x0000eccc                sicslowpan_driver
                0x0000ecd2                llprefix
                0x0000ecd4                unc_mxconf
                0x0000ecd8                unc_ctxconf
                0x0000ecdc                unc_llconf
 .rodata        0x0000ece4        0xd contiki-sky.a(tcpip.o)
 .rodata        0x0000ecf1       0x1a contiki-sky.a(uip-debug.o)
 *fill*         0x0000ed0b        0x1 00
 .rodata.uip_process
                0x0000ed0c       0x20 contiki-sky.a(uip6.o)
 .rodata        0x0000ed2c        0xe contiki-sky.a(light-sensor.o)
                0x0000ed32                light_sensor
 .rodata        0x0000ed3a       0x10 contiki-sky.a(button-sensor.o)
                0x0000ed42                button_sensor
 .rodata        0x0000ed4a        0x8 contiki-sky.a(sensors.o)
 .rodata        0x0000ed52       0x22 contiki-sky.a(cc2420.o)
                0x0000ed52                cc2420_driver
 .rodata        0x0000ed74        0x4 contiki-sky.a(framer-802154.o)
                0x0000ed74                framer_802154
 .rodata        0x0000ed78        0x2 contiki-sky.a(frame802154.o)
 .rodata.vuprintf
                0x0000ed7a        0x7 /usr/local/msp430/bin/../lib/gcc/msp430/4.7.0/../../../../msp430/lib/mmpy-16/libc.a(vuprintf.o)
 *(.near.rodata .near.rodata.*)
                0x0000ed82                . = ALIGN (0x2)
                0x0000ed82                _etext = .

.data           0x00001100       0xc8 load address 0x0000ed82
                0x00001100                . = ALIGN (0x2)
                0x00001100                __data_start = .
 *(.data .data.* .gnu.linkonce.d.*)
 .data          0x00001100        0xa in.co
                0x00001100                udp_client_process
 .data          0x0000110a       0x18 contiki-sky.a(csma.o)
 .data          0x00001122       0x10 contiki-sky.a(phase.o)
 .data          0x00001132        0xa contiki-sky.a(etimer.o)
                0x00001132                etimer_process
 .data          0x0000113c        0xa contiki-sky.a(ctimer.o)
                0x0000113c                ctimer_process
 .data          0x00001146        0x8 contiki-sky.a(nbr-table.o)
 .data          0x0000114e       0x18 contiki-sky.a(queuebuf.o)
 .data          0x00001166        0xa contiki-sky.a(tcpip.o)
                0x00001166                tcpip_process
 .data          0x00001170       0x18 contiki-sky.a(uip-ds6-route.o)
 .data          0x00001188        0xa contiki-sky.a(uip-ds6-nbr.o)
                0x00001188                ds6_neighbors
 .data          0x00001192        0x4 contiki-sky.a(contiki-sky-pla)
                0x00001192                sensors
 .data          0x00001196        0xa contiki-sky.a(sensors.o)
                0x00001196                sensors_process
 .data          0x000011a0        0xa contiki-sky.a(cc2420.o)
                0x000011a0                cc2420_process
 .data          0x000011aa        0x2 contiki-sky.a(msp430.o)
 .data          0x000011ac        0x8 contiki-sky.a(rpl-dag.o)
 .data          0x000011b4        0x1 contiki-sky.a(rpl-icmp6.o)
 *fill*         0x000011b5        0x1 00
 .data          0x000011b6        0xe contiki-sky.a(rpl-mrhof.o)
                0x000011b6                rpl_mrhof
 .data.next     0x000011c4        0x4 /usr/local/msp430/bin/../lib/gcc/msp430/4.7.0/../../../../msp430/lib/mmpy-16/libc.a(rand.o)
 *(.near.data .near.data.*)
                0x000011c8                . = ALIGN (0x2)
                0x000011c8                _edata = .
                0x0000ed82                __data_load_start = LOADADDR (.data)
                0x000000c8                __data_size = SIZEOF (.data)

.bss            0x000011c8     0x1c14 load address 0x0000ee4a
                0x000011c8                __bss_start = .
 *(.bss .bss.*)
 .bss           0x000011c8       0x42 in.co
 .bss           0x0000120a        0xc obj_sky/contiki-sky-main.o
 .bss           0x00001216       0xc2 contiki-sky.a(csma.o)
 .bss           0x000012d8       0xd4 contiki-sky.a(contikimac.o)
 .bss           0x000013ac      0x1d8 contiki-sky.a(phase.o)
 .bss           0x00001584       0x42 contiki-sky.a(process.o)
                0x00001584                process_current
                0x00001586                process_list
 .bss           0x000015c6        0x8 contiki-sky.a(compower.o)
 .bss           0x000015ce        0x6 contiki-sky.a(etimer.o)
 .bss           0x000015d4        0x4 contiki-sky.a(ctimer.o)
 .bss           0x000015d8        0x2 contiki-sky.a(rtimer.o)
 .bss           0x000015da      0x118 contiki-sky.a(nbr-table.o)
 .bss           0x000016f2       0xba contiki-sky.a(packetbuf.o)
 .bss           0x000017ac      0x71e contiki-sky.a(queuebuf.o)
 .bss           0x00001eca      0x122 contiki-sky.a(sicslowpan.o)
 .bss           0x00001fec       0x36 contiki-sky.a(tcpip.o)
 .bss           0x00002022      0x2fc contiki-sky.a(uip-ds6-route.o)
 .bss           0x0000231e      0x2d0 contiki-sky.a(uip-ds6-nbr.o)
 .bss           0x000025ee       0x18 contiki-sky.a(uip-ds6.o)
 .bss           0x00002606        0xa contiki-sky.a(uip-nd6.o)
 .bss           0x00002610        0xe contiki-sky.a(uip6.o)
                0x00002610                uip_ext_opt_offset
                0x00002611                uip_ext_len
                0x00002612                uip_ext_bitmap
 .bss           0x0000261e        0x8 contiki-sky.a(button-sensor.o)
 .bss           0x00002626        0x2 contiki-sky.a(node-id.o)
                0x00002626                node_id
 .bss           0x00002628        0x6 contiki-sky.a(sensors.o)
 .bss           0x0000262e        0xa contiki-sky.a(cc2420.o)
 .bss           0x00002638        0x4 contiki-sky.a(sky-sensors.o)
 .bss           0x0000263c       0x9a contiki-sky.a(uart1.o)
 .bss           0x000026d6        0xa contiki-sky.a(clock.o)
 .bss           0x000026e0        0x2 contiki-sky.a(leds.o)
 .bss           0x000026e2        0x2 contiki-sky.a(watchdog.o)
 .bss           0x000026e4        0x2 contiki-sky.a(framer-802154.o)
 .bss           0x000026e6       0xc8 contiki-sky.a(rpl-dag.o)
 .bss           0x000027ae       0x18 contiki-sky.a(rpl-timers.o)
 .bss           0x000027c6       0x10 contiki-sky.a(uip-icmp6.o)
 .bss.destination_
                0x000027d6        0x2 /usr/local/msp430/bin/../lib/gcc/msp430/4.7.0/../../../../msp430/lib/mmpy-16/libc.a(sprintf.o)
 .bss.available_
                0x000027d8        0x2 /usr/local/msp430/bin/../lib/gcc/msp430/4.7.0/../../../../msp430/lib/mmpy-16/libc.a(sprintf.o)
 *(.near.bss .near.bss.*)
 *(COMMON)
 COMMON         0x000027da        0x8 contiki-sky.a(rimeaddr.o)
                0x000027da                rimeaddr_node_addr
 COMMON         0x000027e2        0x1 contiki-sky.a(process.o)
                0x000027e2                process_maxevents
 *fill*         0x000027e3        0x1 00
 COMMON         0x000027e4        0x8 contiki-sky.a(compower.o)
                0x000027e4                compower_idle_activity
 COMMON         0x000027ec       0x56 contiki-sky.a(energest.o)
                0x000027ec                energest_total_time
                0x0000281c                energest_total_count
                0x0000281e                energest_current_mode
                0x0000282a                energest_current_time
 COMMON         0x00002842       0x50 contiki-sky.a(packetbuf.o)
                0x00002842                packetbuf_addrs
                0x00002862                packetbuf_attrs
 COMMON         0x00002892        0x8 contiki-sky.a(sicslowpan.o)
                0x00002892                frag_sender
 COMMON         0x0000289a        0x1 contiki-sky.a(tcpip.o)
                0x0000289a                tcpip_event
 *fill*         0x0000289b        0x1 00
 COMMON         0x0000289c      0x15c contiki-sky.a(uip-ds6.o)
                0x0000289c                uip_ds6_timer_ra
                0x000028a4                uip_ds6_if
                0x00002990                uip_ds6_netif_addr_list_offset
                0x00002991                uip_ds6_addr_size
                0x00002992                uip_ds6_prefix_list
                0x000029ec                uip_ds6_timer_periodic
 COMMON         0x000029f8      0x304 contiki-sky.a(uip6.o)
                0x000029f8                uip_len
                0x000029fa                uip_sappdata
                0x000029fc                uip_acc32
                0x00002a00                uip_lladdr
                0x00002a08                uip_aligned_buf
                0x00002af8                uip_flags
                0x00002afa                uip_next_hdr
                0x00002afc                uip_udp_conn
                0x00002afe                uip_appdata
                0x00002b00                uip_conn
                0x00002b02                uip_conns
                0x00002bb2                uip_listenports
                0x00002bc2                uip_slen
                0x00002bc4                uip_udp_conns
 COMMON         0x00002cfc        0x2 contiki-sky.a(contiki-sky-pla)
                0x00002cfc                sensors_flags
 COMMON         0x00002cfe        0x8 contiki-sky.a(ds2411.o)
                0x00002cfe                ds2411_id
 COMMON         0x00002d06        0x1 contiki-sky.a(sensors.o)
                0x00002d06                sensors_event
 *fill*         0x00002d07        0x1 00
 COMMON         0x00002d08       0x14 contiki-sky.a(cc2420.o)
                0x00002d08                cc2420_last_rssi
                0x00002d0a                cc2420_packets_read
                0x00002d0c                cc2420_packets_seen
                0x00002d0e                cc2420_sfd_start_time
                0x00002d10                cc2420_time_of_departure
                0x00002d12                cc2420_time_of_arrival
                0x00002d14                cc2420_last_correlation
                0x00002d16                cc2420_authority_level_of_sender
                0x00002d18                cc2420_sfd_counter
                0x00002d1a                cc2420_sfd_end_time
 COMMON         0x00002d1c        0x2 contiki-sky.a(msp430.o)
                0x00002d1c                msp430_dco_required
 COMMON         0x00002d1e       0xbe contiki-sky.a(rpl-dag.o)
                0x00002d1e                default_instance
                0x00002d20                instance_table
                0x00002ddc                . = ALIGN (0x2)
                0x00002ddc                __bss_end = .
                0x00001c14                __bss_size = SIZEOF (.bss)

.noinit         0x00002ddc        0x2 load address 0x0000ee4a
                0x00002ddc                . = ALIGN (0x2)
                0x00002ddc                __noinit_start = .
 *(.noinit .noinit.*)
 .noinit.crt0   0x00002ddc        0x2 /usr/local/msp430/bin/../lib/gcc/msp430/4.7.0/mmpy-16/libcrt0.a(__watchdog_support.o)
                0x00002ddc                __wdt_clear_value
                0x00002dde                . = ALIGN (0x2)
                0x00002dde                __noinit_end = .
                0x00002dde                . = ALIGN (0x2)
                0x00002dde                _end = .

.infomem        0x00001000        0x0
                0x00001000                . = ALIGN (0x2)
 *(.infomem .infomem.*)

.infomemnobits  0x00001000        0x0
                0x00001000                . = ALIGN (0x2)
 *(.infomemnobits .infomemnobits.*)

.infoa          0x00001080        0x0
                0x00001080                . = ALIGN (0x2)
 *(.infoa .infoa.*)

.infob          0x00001000        0x0
                0x00001000                . = ALIGN (0x2)
 *(.infob .infob.*)

.infoc          0x00000000        0x0
                0x00000000                . = ALIGN (0x2)
 *(.infoc .infoc.*)

.infod          0x00000000        0x0
                0x00000000                . = ALIGN (0x2)
 *(.infod .infod.*)

.vectors        0x0000ffe0       0x20
                0x0000ffe0                __vectors_start = .
 *(.vectors*)
 .vectors       0x0000ffe0       0x20 /usr/local/msp430/bin/../lib/gcc/msp430/4.7.0/mmpy-16/crt0ivtbl16.o
                0x0000ffe0                __ivtbl_16
                0x00010000                _vectors_end = .

.fartext        0x00000000        0x0
                0x00000000                . = ALIGN (0x2)
 *(.fartext .fartext.*)

.far.text       0x00000000        0x0
                0x00000000                . = ALIGN (0x2)
 *(.far.text .far.text.*)

.far.rodata     0x00000000        0x0
                0x00000000                . = ALIGN (0x2)
 *(.far.rodata .far.rodata.*)
                0x00000000                . = ALIGN (0x2)
                0x00000000                _efartext = .

.far.data       0x00000000        0x0
                0x00000000                . = ALIGN (0x2)
                0x00000000                __far_data_start = .
 *(.far.data .far.data.*)
                0x00000000                . = ALIGN (0x2)
                0x00000000                _efardata = .
                0x00000000                __far_data_load_start = LOADADDR (.far.data)
                0x00000000                __far_data_size = SIZEOF (.far.data)

.far.bss        0x00000000        0x0
                0x00000000                . = ALIGN (0x2)
                0x00000000                __far_bss_start = .
 *(.far.bss .far.bss.*)
                0x00000000                . = ALIGN (0x2)
                0x00000000                __far_bss_end = .
                0x00000000                __far_bss_size = SIZEOF (.far.bss)
                0x00000000                . = ALIGN (0x2)
                0x00000000                _far_end = .

.profiler
 *(.profiler)

.stab
 *(.stab)

.stabstr
 *(.stabstr)

.stab.excl
 *(.stab.excl)

.stab.exclstr
 *(.stab.exclstr)

.stab.index
 *(.stab.index)

.stab.indexstr
 *(.stab.indexstr)

.comment        0x00000000       0x30
 *(.comment)
 .comment       0x00000000       0x30 in.co
                                 0x31 (size before relaxing)
 .comment       0x00000000       0x31 obj_sky/contiki-sky-main.o
 .comment       0x00000000       0x31 contiki-sky.a(rimeaddr.o)
 .comment       0x00000000       0x31 contiki-sky.a(csma.o)
 .comment       0x00000000       0x31 contiki-sky.a(contikimac.o)
 .comment       0x00000000       0x31 contiki-sky.a(phase.o)
 .comment       0x00000000       0x31 contiki-sky.a(process.o)
 .comment       0x00000000       0x31 contiki-sky.a(autostart.o)
 .comment       0x00000000       0x31 contiki-sky.a(compower.o)
 .comment       0x00000000       0x31 contiki-sky.a(memb.o)
 .comment       0x00000000       0x31 contiki-sky.a(timer.o)
 .comment       0x00000000       0x31 contiki-sky.a(list.o)
 .comment       0x00000000       0x31 contiki-sky.a(etimer.o)
 .comment       0x00000000       0x31 contiki-sky.a(ctimer.o)
 .comment       0x00000000       0x31 contiki-sky.a(energest.o)
 .comment       0x00000000       0x31 contiki-sky.a(rtimer.o)
 .comment       0x00000000       0x31 contiki-sky.a(random.o)
 .comment       0x00000000       0x31 contiki-sky.a(nbr-table.o)
 .comment       0x00000000       0x31 contiki-sky.a(packetbuf.o)
 .comment       0x00000000       0x31 contiki-sky.a(queuebuf.o)
 .comment       0x00000000       0x31 contiki-sky.a(sicslowpan.o)
 .comment       0x00000000       0x31 contiki-sky.a(tcpip.o)
 .comment       0x00000000       0x31 contiki-sky.a(uip-debug.o)
 .comment       0x00000000       0x31 contiki-sky.a(uip-ds6-route.o)
 .comment       0x00000000       0x31 contiki-sky.a(uip-ds6-nbr.o)
 .comment       0x00000000       0x31 contiki-sky.a(uip-ds6.o)
 .comment       0x00000000       0x31 contiki-sky.a(uip-nd6.o)
 .comment       0x00000000       0x31 contiki-sky.a(uip-udp-packet.)
 .comment       0x00000000       0x31 contiki-sky.a(uip6.o)
 .comment       0x00000000       0x31 contiki-sky.a(contiki-sky-pla)
 .comment       0x00000000       0x31 contiki-sky.a(light-sensor.o)
 .comment       0x00000000       0x31 contiki-sky.a(button-sensor.o)
 .comment       0x00000000       0x31 contiki-sky.a(ds2411.o)
 .comment       0x00000000       0x31 contiki-sky.a(xmem.o)
 .comment       0x00000000       0x31 contiki-sky.a(node-id.o)
 .comment       0x00000000       0x31 contiki-sky.a(sensors.o)
 .comment       0x00000000       0x31 contiki-sky.a(cc2420.o)
 .comment       0x00000000       0x31 contiki-sky.a(cc2420-arch.o)
 .comment       0x00000000       0x31 contiki-sky.a(sky-sensors.o)
 .comment       0x00000000       0x31 contiki-sky.a(uart1.o)
 .comment       0x00000000       0x31 contiki-sky.a(uart1-putchar.o)
 .comment       0x00000000       0x31 contiki-sky.a(msp430.o)
 .comment       0x00000000       0x31 contiki-sky.a(clock.o)
 .comment       0x00000000       0x31 contiki-sky.a(leds.o)
 .comment       0x00000000       0x31 contiki-sky.a(leds-arch.o)
 .comment       0x00000000       0x31 contiki-sky.a(watchdog.o)
 .comment       0x00000000       0x31 contiki-sky.a(rtimer-arch.o)
 .comment       0x00000000       0x31 contiki-sky.a(mac.o)
 .comment       0x00000000       0x31 contiki-sky.a(framer-802154.o)
 .comment       0x00000000       0x31 contiki-sky.a(rpl.o)
 .comment       0x00000000       0x31 contiki-sky.a(rpl-dag.o)
 .comment       0x00000000       0x31 contiki-sky.a(rpl-icmp6.o)
 .comment       0x00000000       0x31 contiki-sky.a(rpl-timers.o)
 .comment       0x00000000       0x31 contiki-sky.a(rpl-mrhof.o)
 .comment       0x00000000       0x31 contiki-sky.a(rpl-ext-header.)
 .comment       0x00000000       0x31 contiki-sky.a(stimer.o)
 .comment       0x00000000       0x31 contiki-sky.a(uip-icmp6.o)
 .comment       0x00000000       0x31 contiki-sky.a(spi.o)
 .comment       0x00000000       0x31 contiki-sky.a(frame802154.o)
 .comment       0x00000000       0x31 /usr/local/msp430/bin/../lib/gcc/msp430/4.7.0/../../../../msp430/lib/mmpy-16/libc.a(printf.o)
 .comment       0x00000000       0x31 /usr/local/msp430/bin/../lib/gcc/msp430/4.7.0/../../../../msp430/lib/mmpy-16/libc.a(sprintf.o)
 .comment       0x00000000       0x31 /usr/local/msp430/bin/../lib/gcc/msp430/4.7.0/../../../../msp430/lib/mmpy-16/libc.a(vuprintf.o)
 .comment       0x00000000       0x31 /usr/local/msp430/bin/../lib/gcc/msp430/4.7.0/../../../../msp430/lib/mmpy-16/libc.a(puts.o)
 .comment       0x00000000       0x31 /usr/local/msp430/bin/../lib/gcc/msp430/4.7.0/../../../../msp430/lib/mmpy-16/libc.a(rand.o)
 .comment       0x00000000       0x31 /usr/local/msp430/bin/../lib/gcc/msp430/4.7.0/../../../../msp430/lib/mmpy-16/libc.a(memcmp.o)
 .comment       0x00000000       0x31 /usr/local/msp430/bin/../lib/gcc/msp430/4.7.0/../../../../msp430/lib/mmpy-16/libc.a(memcpy.o)
 .comment       0x00000000       0x31 /usr/local/msp430/bin/../lib/gcc/msp430/4.7.0/../../../../msp430/lib/mmpy-16/libc.a(memmove.o)
 .comment       0x00000000       0x31 /usr/local/msp430/bin/../lib/gcc/msp430/4.7.0/../../../../msp430/lib/mmpy-16/libc.a(memset.o)

.debug
 *(.debug)

.line
 *(.line)

.debug_srcinfo
 *(.debug_srcinfo)

.debug_sfnames
 *(.debug_sfnames)

.debug_aranges  0x00000000      0x1c8
 *(.debug_aranges)
 .debug_aranges
                0x00000000       0x14 /usr/local/msp430/bin/../lib/gcc/msp430/4.7.0/mmpy-16/crt0ivtbl16.o
 .debug_aranges
                0x00000014       0x14 /usr/local/msp430/bin/../lib/gcc/msp430/4.7.0/mmpy-16/libgcc.a(_mulsi3.o)
 .debug_aranges
                0x00000028       0x14 /usr/local/msp430/bin/../lib/gcc/msp430/4.7.0/mmpy-16/libgcc.a(_udivmod16.o)
 .debug_aranges
                0x0000003c       0x14 /usr/local/msp430/bin/../lib/gcc/msp430/4.7.0/mmpy-16/libgcc.a(_divmod16.o)
 .debug_aranges
                0x00000050       0x14 /usr/local/msp430/bin/../lib/gcc/msp430/4.7.0/mmpy-16/libgcc.a(_udivmod32.o)
 .debug_aranges
                0x00000064       0x18 /usr/local/msp430/bin/../lib/gcc/msp430/4.7.0/../../../../msp430/lib/mmpy-16/libc.a(printf.o)
 .debug_aranges
                0x0000007c       0x28 /usr/local/msp430/bin/../lib/gcc/msp430/4.7.0/../../../../msp430/lib/mmpy-16/libc.a(sprintf.o)
 .debug_aranges
                0x000000a4       0x18 /usr/local/msp430/bin/../lib/gcc/msp430/4.7.0/../../../../msp430/lib/mmpy-16/libc.a(vuprintf.o)
 .debug_aranges
                0x000000bc       0x14 /usr/local/msp430/bin/../lib/gcc/msp430/4.7.0/../../../../msp430/lib/mmpy-16/libc.a(puts.o)
 .debug_aranges
                0x000000d0       0x1c /usr/local/msp430/bin/../lib/gcc/msp430/4.7.0/../../../../msp430/lib/mmpy-16/libc.a(rand.o)
 .debug_aranges
                0x000000ec       0x14 /usr/local/msp430/bin/../lib/gcc/msp430/4.7.0/../../../../msp430/lib/mmpy-16/libc.a(memcmp.o)
 .debug_aranges
                0x00000100       0x14 /usr/local/msp430/bin/../lib/gcc/msp430/4.7.0/../../../../msp430/lib/mmpy-16/libc.a(memcpy.o)
 .debug_aranges
                0x00000114       0x14 /usr/local/msp430/bin/../lib/gcc/msp430/4.7.0/../../../../msp430/lib/mmpy-16/libc.a(memmove.o)
 .debug_aranges
                0x00000128       0x14 /usr/local/msp430/bin/../lib/gcc/msp430/4.7.0/../../../../msp430/lib/mmpy-16/libc.a(memset.o)
 .debug_aranges
                0x0000013c       0x14 /usr/local/msp430/bin/../lib/gcc/msp430/4.7.0/mmpy-16/libgcc.a(_udivmod64.o)
 .debug_aranges
                0x00000150       0x14 /usr/local/msp430/bin/../lib/gcc/msp430/4.7.0/mmpy-16/libcrt0.a(__watchdog_support.o)
 .debug_aranges
                0x00000164       0x14 /usr/local/msp430/bin/../lib/gcc/msp430/4.7.0/mmpy-16/libcrt0.a(__init_stack.o)
 .debug_aranges
                0x00000178       0x14 /usr/local/msp430/bin/../lib/gcc/msp430/4.7.0/mmpy-16/libcrt0.a(_copy_data.o)
 .debug_aranges
                0x0000018c       0x14 /usr/local/msp430/bin/../lib/gcc/msp430/4.7.0/mmpy-16/libcrt0.a(_clear_bss.o)
 .debug_aranges
                0x000001a0       0x14 /usr/local/msp430/bin/../lib/gcc/msp430/4.7.0/mmpy-16/libcrt0.a(_endless_loop__.o)
 .debug_aranges
                0x000001b4       0x14 /usr/local/msp430/bin/../lib/gcc/msp430/4.7.0/mmpy-16/libcrt0.a(_unexpected_.o)

.debug_pubnames
 *(.debug_pubnames)

.debug_info     0x00000000     0x17db
 *(.debug_info)
 .debug_info    0x00000000       0x9b /usr/local/msp430/bin/../lib/gcc/msp430/4.7.0/mmpy-16/crt0ivtbl16.o
 .debug_info    0x0000009b       0x98 /usr/local/msp430/bin/../lib/gcc/msp430/4.7.0/mmpy-16/libgcc.a(_mulsi3.o)
 .debug_info    0x00000133       0x98 /usr/local/msp430/bin/../lib/gcc/msp430/4.7.0/mmpy-16/libgcc.a(_udivmod16.o)
 .debug_info    0x000001cb       0x98 /usr/local/msp430/bin/../lib/gcc/msp430/4.7.0/mmpy-16/libgcc.a(_divmod16.o)
 .debug_info    0x00000263       0x98 /usr/local/msp430/bin/../lib/gcc/msp430/4.7.0/mmpy-16/libgcc.a(_udivmod32.o)
 .debug_info    0x000002fb      0x16e /usr/local/msp430/bin/../lib/gcc/msp430/4.7.0/../../../../msp430/lib/mmpy-16/libc.a(printf.o)
 .debug_info    0x00000469      0x321 /usr/local/msp430/bin/../lib/gcc/msp430/4.7.0/../../../../msp430/lib/mmpy-16/libc.a(sprintf.o)
 .debug_info    0x0000078a      0x5d4 /usr/local/msp430/bin/../lib/gcc/msp430/4.7.0/../../../../msp430/lib/mmpy-16/libc.a(vuprintf.o)
 .debug_info    0x00000d5e       0xc7 /usr/local/msp430/bin/../lib/gcc/msp430/4.7.0/../../../../msp430/lib/mmpy-16/libc.a(puts.o)
 .debug_info    0x00000e25      0x146 /usr/local/msp430/bin/../lib/gcc/msp430/4.7.0/../../../../msp430/lib/mmpy-16/libc.a(rand.o)
 .debug_info    0x00000f6b       0xe5 /usr/local/msp430/bin/../lib/gcc/msp430/4.7.0/../../../../msp430/lib/mmpy-16/libc.a(memcmp.o)
 .debug_info    0x00001050      0x12c /usr/local/msp430/bin/../lib/gcc/msp430/4.7.0/../../../../msp430/lib/mmpy-16/libc.a(memcpy.o)
 .debug_info    0x0000117c      0x12c /usr/local/msp430/bin/../lib/gcc/msp430/4.7.0/../../../../msp430/lib/mmpy-16/libc.a(memmove.o)
 .debug_info    0x000012a8      0x117 /usr/local/msp430/bin/../lib/gcc/msp430/4.7.0/../../../../msp430/lib/mmpy-16/libc.a(memset.o)
 .debug_info    0x000013bf       0x98 /usr/local/msp430/bin/../lib/gcc/msp430/4.7.0/mmpy-16/libgcc.a(_udivmod64.o)
 .debug_info    0x00001457       0x96 /usr/local/msp430/bin/../lib/gcc/msp430/4.7.0/mmpy-16/libcrt0.a(__watchdog_support.o)
 .debug_info    0x000014ed       0x96 /usr/local/msp430/bin/../lib/gcc/msp430/4.7.0/mmpy-16/libcrt0.a(__init_stack.o)
 .debug_info    0x00001583       0x96 /usr/local/msp430/bin/../lib/gcc/msp430/4.7.0/mmpy-16/libcrt0.a(_copy_data.o)
 .debug_info    0x00001619       0x96 /usr/local/msp430/bin/../lib/gcc/msp430/4.7.0/mmpy-16/libcrt0.a(_clear_bss.o)
 .debug_info    0x000016af       0x96 /usr/local/msp430/bin/../lib/gcc/msp430/4.7.0/mmpy-16/libcrt0.a(_endless_loop__.o)
 .debug_info    0x00001745       0x96 /usr/local/msp430/bin/../lib/gcc/msp430/4.7.0/mmpy-16/libcrt0.a(_unexpected_.o)
 *(.gnu.linkonce.wi.*)

.debug_abbrev   0x00000000      0x9a7
 *(.debug_abbrev)
 .debug_abbrev  0x00000000       0x14 /usr/local/msp430/bin/../lib/gcc/msp430/4.7.0/mmpy-16/crt0ivtbl16.o
 .debug_abbrev  0x00000014       0x14 /usr/local/msp430/bin/../lib/gcc/msp430/4.7.0/mmpy-16/libgcc.a(_mulsi3.o)
 .debug_abbrev  0x00000028       0x14 /usr/local/msp430/bin/../lib/gcc/msp430/4.7.0/mmpy-16/libgcc.a(_udivmod16.o)
 .debug_abbrev  0x0000003c       0x14 /usr/local/msp430/bin/../lib/gcc/msp430/4.7.0/mmpy-16/libgcc.a(_divmod16.o)
 .debug_abbrev  0x00000050       0x14 /usr/local/msp430/bin/../lib/gcc/msp430/4.7.0/mmpy-16/libgcc.a(_udivmod32.o)
 .debug_abbrev  0x00000064       0xfa /usr/local/msp430/bin/../lib/gcc/msp430/4.7.0/../../../../msp430/lib/mmpy-16/libc.a(printf.o)
 .debug_abbrev  0x0000015e      0x14c /usr/local/msp430/bin/../lib/gcc/msp430/4.7.0/../../../../msp430/lib/mmpy-16/libc.a(sprintf.o)
 .debug_abbrev  0x000002aa      0x23e /usr/local/msp430/bin/../lib/gcc/msp430/4.7.0/../../../../msp430/lib/mmpy-16/libc.a(vuprintf.o)
 .debug_abbrev  0x000004e8       0xa3 /usr/local/msp430/bin/../lib/gcc/msp430/4.7.0/../../../../msp430/lib/mmpy-16/libc.a(puts.o)
 .debug_abbrev  0x0000058b       0xfb /usr/local/msp430/bin/../lib/gcc/msp430/4.7.0/../../../../msp430/lib/mmpy-16/libc.a(rand.o)
 .debug_abbrev  0x00000686       0x9e /usr/local/msp430/bin/../lib/gcc/msp430/4.7.0/../../../../msp430/lib/mmpy-16/libc.a(memcmp.o)
 .debug_abbrev  0x00000724       0xab /usr/local/msp430/bin/../lib/gcc/msp430/4.7.0/../../../../msp430/lib/mmpy-16/libc.a(memcpy.o)
 .debug_abbrev  0x000007cf       0xab /usr/local/msp430/bin/../lib/gcc/msp430/4.7.0/../../../../msp430/lib/mmpy-16/libc.a(memmove.o)
 .debug_abbrev  0x0000087a       0xa1 /usr/local/msp430/bin/../lib/gcc/msp430/4.7.0/../../../../msp430/lib/mmpy-16/libc.a(memset.o)
 .debug_abbrev  0x0000091b       0x14 /usr/local/msp430/bin/../lib/gcc/msp430/4.7.0/mmpy-16/libgcc.a(_udivmod64.o)
 .debug_abbrev  0x0000092f       0x14 /usr/local/msp430/bin/../lib/gcc/msp430/4.7.0/mmpy-16/libcrt0.a(__watchdog_support.o)
 .debug_abbrev  0x00000943       0x14 /usr/local/msp430/bin/../lib/gcc/msp430/4.7.0/mmpy-16/libcrt0.a(__init_stack.o)
 .debug_abbrev  0x00000957       0x14 /usr/local/msp430/bin/../lib/gcc/msp430/4.7.0/mmpy-16/libcrt0.a(_copy_data.o)
 .debug_abbrev  0x0000096b       0x14 /usr/local/msp430/bin/../lib/gcc/msp430/4.7.0/mmpy-16/libcrt0.a(_clear_bss.o)
 .debug_abbrev  0x0000097f       0x14 /usr/local/msp430/bin/../lib/gcc/msp430/4.7.0/mmpy-16/libcrt0.a(_endless_loop__.o)
 .debug_abbrev  0x00000993       0x14 /usr/local/msp430/bin/../lib/gcc/msp430/4.7.0/mmpy-16/libcrt0.a(_unexpected_.o)

.debug_line     0x00000000      0xe94
 *(.debug_line)
 .debug_line    0x00000000       0x64 /usr/local/msp430/bin/../lib/gcc/msp430/4.7.0/mmpy-16/crt0ivtbl16.o
 .debug_line    0x00000064       0x77 /usr/local/msp430/bin/../lib/gcc/msp430/4.7.0/mmpy-16/libgcc.a(_mulsi3.o)
 .debug_line    0x000000db       0x70 /usr/local/msp430/bin/../lib/gcc/msp430/4.7.0/mmpy-16/libgcc.a(_udivmod16.o)
 .debug_line    0x0000014b       0x7b /usr/local/msp430/bin/../lib/gcc/msp430/4.7.0/mmpy-16/libgcc.a(_divmod16.o)
 .debug_line    0x000001c6       0x7f /usr/local/msp430/bin/../lib/gcc/msp430/4.7.0/mmpy-16/libgcc.a(_udivmod32.o)
 .debug_line    0x00000245       0xa9 /usr/local/msp430/bin/../lib/gcc/msp430/4.7.0/../../../../msp430/lib/mmpy-16/libc.a(printf.o)
 .debug_line    0x000002ee      0x107 /usr/local/msp430/bin/../lib/gcc/msp430/4.7.0/../../../../msp430/lib/mmpy-16/libc.a(sprintf.o)
 .debug_line    0x000003f5      0x30a /usr/local/msp430/bin/../lib/gcc/msp430/4.7.0/../../../../msp430/lib/mmpy-16/libc.a(vuprintf.o)
 .debug_line    0x000006ff       0x65 /usr/local/msp430/bin/../lib/gcc/msp430/4.7.0/../../../../msp430/lib/mmpy-16/libc.a(puts.o)
 .debug_line    0x00000764       0x68 /usr/local/msp430/bin/../lib/gcc/msp430/4.7.0/../../../../msp430/lib/mmpy-16/libc.a(rand.o)
 .debug_line    0x000007cc       0x8f /usr/local/msp430/bin/../lib/gcc/msp430/4.7.0/../../../../msp430/lib/mmpy-16/libc.a(memcmp.o)
 .debug_line    0x0000085b      0x118 /usr/local/msp430/bin/../lib/gcc/msp430/4.7.0/../../../../msp430/lib/mmpy-16/libc.a(memcpy.o)